Component: ARM Compiler 5.06 update 7 (build 960) Tool: armlink [4d3601]

==============================================================================

Section Cross References

    system_n32g430.o(i.System_Clock_Frequency_Update) refers to system_n32g430.o(.data) for .data
    system_n32g430.o(i.System_Clock_Frequency_Update) refers to system_n32g430.o(.constdata) for .constdata
    system_n32g430.o(i.System_Clock_Set) refers to system_n32g430.o(.data) for .data
    system_n32g430.o(i.System_Initializes) refers to system_n32g430.o(i.System_Clock_Set) for System_Clock_Set
    startup_n32g430.o(RESET) refers to startup_n32g430.o(STACK) for __initial_sp
    startup_n32g430.o(RESET) refers to startup_n32g430.o(.text) for Reset_Handler
    startup_n32g430.o(.text) refers to system_n32g430.o(i.System_Initializes) for System_Initializes
    startup_n32g430.o(.text) refers to entry.o(.ARM.Collect$$$$00000000) for __main
    n32g430_adc.o(i.ADC_Clock_Mode_Config) refers to n32g430_rcc.o(i.RCC_ADC_Hclk_Enable) for RCC_ADC_Hclk_Enable
    n32g430_adc.o(i.ADC_Clock_Mode_Config) refers to n32g430_rcc.o(i.RCC_ADC_PLL_Clock_Prescaler_Enable) for RCC_ADC_PLL_Clock_Prescaler_Enable
    n32g430_adc.o(i.ADC_Clock_Mode_Config) refers to n32g430_adc.o(i.ADC_PLL_Clock_Mode_Config) for ADC_PLL_Clock_Mode_Config
    n32g430_adc.o(i.ADC_Clock_Mode_Config) refers to n32g430_rcc.o(i.RCC_ADC_PLL_Clock_Disable) for RCC_ADC_PLL_Clock_Disable
    n32g430_adc.o(i.ADC_Clock_Mode_Config) refers to n32g430_rcc.o(i.RCC_ADC_Hclk_Config) for RCC_ADC_Hclk_Config
    n32g430_adc.o(i.ADC_Clock_Mode_Config) refers to n32g430_adc.o(i.ADC_AHB_Clock_Mode_Config) for ADC_AHB_Clock_Mode_Config
    n32g430_adc.o(i.ADC_Initializes) refers to n32g430_adc.o(i.ADC_Multichannels_Enable) for ADC_Multichannels_Enable
    n32g430_adc.o(i.ADC_Initializes) refers to n32g430_adc.o(i.ADC_Multichannels_Disable) for ADC_Multichannels_Disable
    n32g430_adc.o(i.ADC_Initializes) refers to n32g430_adc.o(i.ADC_Continue_Conversion_Enable) for ADC_Continue_Conversion_Enable
    n32g430_adc.o(i.ADC_Initializes) refers to n32g430_adc.o(i.ADC_Continue_Conversion_Disable) for ADC_Continue_Conversion_Disable
    n32g430_adc.o(i.ADC_Initializes) refers to n32g430_adc.o(i.ADC_Regular_Group_External_Trigger_Source_Config) for ADC_Regular_Group_External_Trigger_Source_Config
    n32g430_adc.o(i.ADC_Initializes) refers to n32g430_adc.o(i.ADC_Data_Alignment_Config) for ADC_Data_Alignment_Config
    n32g430_adc.o(i.ADC_Initializes) refers to n32g430_adc.o(i.ADC_Regular_Channels_Number_Config) for ADC_Regular_Channels_Number_Config
    n32g430_adc.o(i.ADC_Initializes_Ex) refers to n32g430_adc.o(i.ADC_Vbat_Monitor_Enable) for ADC_Vbat_Monitor_Enable
    n32g430_adc.o(i.ADC_Initializes_Ex) refers to n32g430_adc.o(i.ADC_Vbat_Monitor_Disable) for ADC_Vbat_Monitor_Disable
    n32g430_adc.o(i.ADC_Initializes_Ex) refers to n32g430_adc.o(i.ADC_Deep_Power_Mode_Enable) for ADC_Deep_Power_Mode_Enable
    n32g430_adc.o(i.ADC_Initializes_Ex) refers to n32g430_adc.o(i.ADC_Deep_Power_Mode_Disable) for ADC_Deep_Power_Mode_Disable
    n32g430_adc.o(i.ADC_Initializes_Ex) refers to n32g430_adc.o(i.ADC_Interrupts_Enable) for ADC_Interrupts_Enable
    n32g430_adc.o(i.ADC_Initializes_Ex) refers to n32g430_adc.o(i.ADC_Interrupts_Disable) for ADC_Interrupts_Disable
    n32g430_adc.o(i.ADC_Initializes_Ex) refers to n32g430_adc.o(i.ADC_AHB_Clock_Mode_Config) for ADC_AHB_Clock_Mode_Config
    n32g430_adc.o(i.ADC_Initializes_Ex) refers to n32g430_adc.o(i.ADC_Calibration_Auto_Load_Enable) for ADC_Calibration_Auto_Load_Enable
    n32g430_adc.o(i.ADC_Initializes_Ex) refers to n32g430_adc.o(i.ADC_PLL_Clock_Mode_Config) for ADC_PLL_Clock_Mode_Config
    n32g430_adc.o(i.ADC_Initializes_Ex) refers to n32g430_adc.o(i.ADC_Calibration_Auto_Load_Disable) for ADC_Calibration_Auto_Load_Disable
    n32g430_adc.o(i.ADC_Initializes_Ex) refers to n32g430_adc.o(i.ADC_Differential_Mode_Enable) for ADC_Differential_Mode_Enable
    n32g430_adc.o(i.ADC_Initializes_Ex) refers to n32g430_adc.o(i.ADC_Differential_Mode_Disable) for ADC_Differential_Mode_Disable
    n32g430_adc.o(i.ADC_Initializes_Ex) refers to n32g430_adc.o(i.ADC_Data_Resolution_Config) for ADC_Data_Resolution_Config
    n32g430_adc.o(i.ADC_Initializes_Ex) refers to n32g430_adc.o(i.ADC_Sample_Time_Level_Config) for ADC_Sample_Time_Level_Config
    n32g430_adc.o(i.ADC_Reset) refers to n32g430_rcc.o(i.RCC_AHB_Peripheral_Reset) for RCC_AHB_Peripheral_Reset
    n32g430_adc.o(i.ADC_Vrefint_Get) refers to n32g430_adc.o(.data) for .data
    n32g430_beeper.o(i.BEEPER_Initialize) refers to n32g430_beeper.o(i.BEEPER_Clock_Select) for BEEPER_Clock_Select
    n32g430_beeper.o(i.BEEPER_Initialize) refers to n32g430_beeper.o(i.BEEPER_APB_Clock_Prescale_Set) for BEEPER_APB_Clock_Prescale_Set
    n32g430_beeper.o(i.BEEPER_Initialize) refers to n32g430_beeper.o(i.BEEPER_Div_Factor_Select) for BEEPER_Div_Factor_Select
[...]
    n32g430_tim.o(i.TIM_Output_Channel2_Initialize) refers to n32g430_tim.o(i.TIM_Output_Channel_N_Polarity_Set) for TIM_Output_Channel_N_Polarity_Set
    n32g430_tim.o(i.TIM_Output_Channel2_Initialize) refers to n32g430_tim.o(i.TIM_Capture_Compare_Ch_N_Enable) for TIM_Capture_Compare_Ch_N_Enable
    n32g430_tim.o(i.TIM_Output_Channel2_Initialize) refers to n32g430_tim.o(i.TIM_Capture_Compare_Ch_N_Disable) for TIM_Capture_Compare_Ch_N_Disable
    n32g430_tim.o(i.TIM_Output_Channel3_Initialize) refers to n32g430_tim.o(i.TIM_Capture_Compare_Ch_Disable) for TIM_Capture_Compare_Ch_Disable
    n32g430_tim.o(i.TIM_Output_Channel3_Initialize) refers to n32g430_tim.o(i.TIM_Output_Channel_Polarity_Set) for TIM_Output_Channel_Polarity_Set
    n32g430_tim.o(i.TIM_Output_Channel3_Initialize) refers to n32g430_tim.o(i.TIM_Capture_Compare_Ch_Enable) for TIM_Capture_Compare_Ch_Enable
    n32g430_tim.o(i.TIM_Output_Channel3_Initialize) refers to n32g430_tim.o(i.TIM_Output_Channel_N_Polarity_Set) for TIM_Output_Channel_N_Polarity_Set
    n32g430_tim.o(i.TIM_Output_Channel3_Initialize) refers to n32g430_tim.o(i.TIM_Capture_Compare_Ch_N_Enable) for TIM_Capture_Compare_Ch_N_Enable
    n32g430_tim.o(i.TIM_Output_Channel3_Initialize) refers to n32g430_tim.o(i.TIM_Capture_Compare_Ch_N_Disable) for TIM_Capture_Compare_Ch_N_Disable
    n32g430_tim.o(i.TIM_Output_Channel4_Initialize) refers to n32g430_tim.o(i.TIM_Capture_Compare_Ch_Disable) for TIM_Capture_Compare_Ch_Disable
    n32g430_tim.o(i.TIM_Output_Channel4_Initialize) refers to n32g430_tim.o(i.TIM_Output_Channel_Polarity_Set) for TIM_Output_Channel_Polarity_Set
    n32g430_tim.o(i.TIM_Output_Channel4_Initialize) refers to n32g430_tim.o(i.TIM_Capture_Compare_Ch_Enable) for TIM_Capture_Compare_Ch_Enable
    n32g430_tim.o(i.TIM_Output_Channel4_Initialize) refers to n32g430_tim.o(i.TIM_Output_Channel_N_Polarity_Set) for TIM_Output_Channel_N_Polarity_Set
    n32g430_tim.o(i.TIM_Output_Channel4_Initialize) refers to n32g430_tim.o(i.TIM_Capture_Compare_Ch_N_Enable) for TIM_Capture_Compare_Ch_N_Enable
    n32g430_tim.o(i.TIM_Output_Channel4_Initialize) refers to n32g430_tim.o(i.TIM_Capture_Compare_Ch_N_Disable) for TIM_Capture_Compare_Ch_N_Disable
    n32g430_tim.o(i.TIM_Output_Channel5_Initialize) refers to n32g430_tim.o(i.TIM_Capture_Compare_Ch_Disable) for TIM_Capture_Compare_Ch_Disable
    n32g430_tim.o(i.TIM_Output_Channel5_Initialize) refers to n32g430_tim.o(i.TIM_Output_Channel_Polarity_Set) for TIM_Output_Channel_Polarity_Set
    n32g430_tim.o(i.TIM_Output_Channel5_Initialize) refers to n32g430_tim.o(i.TIM_Capture_Compare_Ch_Enable) for TIM_Capture_Compare_Ch_Enable
    n32g430_tim.o(i.TIM_Output_Channel6_Initialize) refers to n32g430_tim.o(i.TIM_Capture_Compare_Ch_Disable) for TIM_Capture_Compare_Ch_Disable
    n32g430_tim.o(i.TIM_Output_Channel6_Initialize) refers to n32g430_tim.o(i.TIM_Output_Channel_Polarity_Set) for TIM_Output_Channel_Polarity_Set
    n32g430_tim.o(i.TIM_Output_Channel6_Initialize) refers to n32g430_tim.o(i.TIM_Capture_Compare_Ch_Enable) for TIM_Capture_Compare_Ch_Enable
    n32g430_tim.o(i.TIM_PWM_Input_Channel_Config) refers to n32g430_tim.o(i.Input_Channel2_Config) for Input_Channel2_Config
    n32g430_tim.o(i.TIM_PWM_Input_Channel_Config) refers to n32g430_tim.o(i.TIM_Input_Capture2_Prescaler_Set) for TIM_Input_Capture2_Prescaler_Set
    n32g430_tim.o(i.TIM_PWM_Input_Channel_Config) refers to n32g430_tim.o(i.Input_Channel1_Config) for Input_Channel1_Config
    n32g430_tim.o(i.TIM_PWM_Input_Channel_Config) refers to n32g430_tim.o(i.TIM_Input_Capture1_Prescaler_Set) for TIM_Input_Capture1_Prescaler_Set
    n32g430_tim.o(i.TIM_Reset) refers to n32g430_rcc.o(i.RCC_APB1_Peripheral_Reset) for RCC_APB1_Peripheral_Reset
    n32g430_tim.o(i.TIM_Reset) refers to n32g430_rcc.o(i.RCC_APB2_Peripheral_Reset) for RCC_APB2_Peripheral_Reset
    n32g430_tim.o(i.TIM_Trigger_As_External_Clock) refers to n32g430_tim.o(i.Input_Channel1_Config) for Input_Channel1_Config
    n32g430_tim.o(i.TIM_Trigger_As_External_Clock) refers to n32g430_tim.o(i.TIM_Trigger_Source_Select) for TIM_Trigger_Source_Select
    n32g430_tim.o(i.TIM_Trigger_As_External_Clock) refers to n32g430_tim.o(i.Input_Channel2_Config) for Input_Channel2_Config
    n32g430_usart.o(i.USART_Baud_Rate_Config) refers to n32g430_rcc.o(i.RCC_Clocks_Frequencies_Value_Get) for RCC_Clocks_Frequencies_Value_Get
    n32g430_usart.o(i.USART_Clock_Initializes) refers to n32g430_usart.o(i.USART_Clock_Config) for USART_Clock_Config
    n32g430_usart.o(i.USART_Clock_Initializes) refers to n32g430_usart.o(i.USART_Polarity_Config) for USART_Polarity_Config
    n32g430_usart.o(i.USART_Clock_Initializes) refers to n32g430_usart.o(i.USART_Phase_Config) for USART_Phase_Config
    n32g430_usart.o(i.USART_Clock_Initializes) refers to n32g430_usart.o(i.USART_Last_Bit_Config) for USART_Last_Bit_Config
    n32g430_usart.o(i.USART_Initializes) refers to n32g430_usart.o(i.USART_Baud_Rate_Config) for USART_Baud_Rate_Config
    n32g430_usart.o(i.USART_Initializes) refers to n32g430_usart.o(i.USART_Word_Length_Config) for USART_Word_Length_Config
    n32g430_usart.o(i.USART_Initializes) refers to n32g430_usart.o(i.USART_Stop_Bits_Config) for USART_Stop_Bits_Config
    n32g430_usart.o(i.USART_Initializes) refers to n32g430_usart.o(i.USART_Parity_Config) for USART_Parity_Config
    n32g430_usart.o(i.USART_Initializes) refers to n32g430_usart.o(i.USART_Mode_Config) for USART_Mode_Config
    n32g430_usart.o(i.USART_Initializes) refers to n32g430_usart.o(i.USART_Hardware_Flow_Control_Config) for USART_Hardware_Flow_Control_Config
    n32g430_usart.o(i.USART_Reset) refers to n32g430_rcc.o(i.RCC_APB1_Peripheral_Reset) for RCC_APB1_Peripheral_Reset
    n32g430_usart.o(i.USART_Reset) refers to n32g430_rcc.o(i.RCC_APB2_Peripheral_Reset) for RCC_APB2_Peripheral_Reset
    n32g430_wwdg.o(i.WWDG_Reset) refers to n32g430_rcc.o(i.RCC_APB1_Peripheral_Reset) for RCC_APB1_Peripheral_Reset
    entry.o(.ARM.Collect$$$$00000000) refers (Special) to entry10a.o(.ARM.Collect$$$$0000000F) for __rt_final_cpp
    entry.o(.ARM.Collect$$$$00000000) refers (Special) to entry11a.o(.ARM.Collect$$$$00000011) for __rt_final_exit
    entry.o(.ARM.Collect$$$$00000000) refers (Special) to entry12b.o(.ARM.Collect$$$$0000000E) for __rt_lib_shutdown_fini
    entry.o(.ARM.Collect$$$$00000000) refers (Special) to entry7b.o(.ARM.Collect$$$$00000008) for _main_clock
    entry.o(.ARM.Collect$$$$00000000) refers (Special) to entry8b.o(.ARM.Collect$$$$0000000A) for _main_cpp_init
    entry.o(.ARM.Collect$$$$00000000) refers (Special) to entry9a.o(.ARM.Collect$$$$0000000B) for _main_init
    entry.o(.ARM.Collect$$$$00000000) refers (Special) to entry5.o(.ARM.Collect$$$$00000004) for _main_scatterload
    entry.o(.ARM.Collect$$$$00000000) refers (Special) to entry2.o(.ARM.Collect$$$$00000001) for _main_stk
    entry2.o(.ARM.Collect$$$$00000001) refers to entry2.o(.ARM.Collect$$$$00002712) for __lit__00000000
    entry2.o(.ARM.Collect$$$$00002712) refers to startup_n32g430.o(STACK) for __initial_sp
    entry2.o(__vectab_stack_and_reset_area) refers to startup_n32g430.o(STACK) for __initial_sp
    entry2.o(__vectab_stack_and_reset_area) refers to entry.o(.ARM.Collect$$$$00000000) for __main
    entry5.o(.ARM.Collect$$$$00000004) refers to init.o(.text) for __scatterload
    entry9a.o(.ARM.Collect$$$$0000000B) refers to main.o(i.main) for main
    entry9b.o(.ARM.Collect$$$$0000000C) refers to main.o(i.main) for main
    init.o(.text) refers to entry5.o(.ARM.Collect$$$$00000004) for __main_after_scatterload


==============================================================================

Removing Unused input sections from the image.

    Removing main.o(.rev16_text), (4 bytes).
    Removing main.o(.revsh_text), (4 bytes).
    Removing main.o(.rrx_text), (6 bytes).
    Removing system_n32g430.o(.rev16_text), (4 bytes).
    Removing system_n32g430.o(.revsh_text), (4 bytes).
    Removing system_n32g430.o(.rrx_text), (6 bytes).
    Removing system_n32g430.o(i.PLL_TrimValueLoad), (112 bytes).
    Removing system_n32g430.o(i.System_Clock_Frequency_Update), (124 bytes).
    Removing system_n32g430.o(.constdata), (16 bytes).
    Removing startup_n32g430.o(HEAP), (512 bytes).
    Removing misc.o(.rev16_text), (4 bytes).
    Removing misc.o(.revsh_text), (4 bytes).
    Removing misc.o(.rrx_text), (6 bytes).
    Removing misc.o(i.NVIC_Initializes), (100 bytes).
    Removing misc.o(i.NVIC_Priority_Group_Set), (20 bytes).
    Removing misc.o(i.NVIC_System_LowPower_Enable), (16 bytes).
    Removing misc.o(i.NVIC_System_Low_Power_Disable), (16 bytes).
    Removing misc.o(i.NVIC_Vector_Table_Set), (20 bytes).
    Removing misc.o(i.SysTick_Clock_Source_Set), (24 bytes).
    Removing n32g430_adc.o(.rev16_text), (4 bytes).
    Removing n32g430_adc.o(.revsh_text), (4 bytes).
    Removing n32g430_adc.o(.rrx_text), (6 bytes).
    Removing n32g430_adc.o(i.ADC_AHB_Clock_Mode_Config), (16 bytes).
    Removing n32g430_adc.o(i.ADC_Analog_Watchdog_Disable), (16 bytes).
    Removing n32g430_adc.o(i.ADC_Analog_Watchdog_Enable), (16 bytes).
    Removing n32g430_adc.o(i.ADC_Analog_Watchdog_HighThresholds_Config), (12 bytes).
    Removing n32g430_adc.o(i.ADC_Analog_Watchdog_LowThresholds_Config), (12 bytes).
    Removing n32g430_adc.o(i.ADC_Analog_Watchdog_Mode_Channel_Config), (44 bytes).
    Removing n32g430_adc.o(i.ADC_Bypass_Calibration_Disable), (16 bytes).
    Removing n32g430_adc.o(i.ADC_Bypass_Calibration_Enable), (16 bytes).
    Removing n32g430_adc.o(i.ADC_Calibration_Auto_Load_Disable), (16 bytes).
    Removing n32g430_adc.o(i.ADC_Calibration_Auto_Load_Enable), (16 bytes).
    Removing n32g430_adc.o(i.ADC_Calibration_Operation), (52 bytes).
    Removing n32g430_adc.o(i.ADC_Channel_Sample_Time_Config), (72 bytes).
    Removing n32g430_adc.o(i.ADC_Clock_Mode_Config), (44 bytes).
    Removing n32g430_adc.o(i.ADC_Continue_Conversion_Disable), (16 bytes).
    Removing n32g430_adc.o(i.ADC_Continue_Conversion_Enable), (16 bytes).
    Removing n32g430_adc.o(i.ADC_DMA_Transfer_Disable), (16 bytes).
    Removing n32g430_adc.o(i.ADC_DMA_Transfer_Enable), (16 bytes).
    Removing n32g430_adc.o(i.ADC_Data_Alignment_Config), (24 bytes).
    Removing n32g430_adc.o(i.ADC_Data_Resolution_Config), (24 bytes).
    Removing n32g430_adc.o(i.ADC_Deep_Power_Mode_Disable), (16 bytes).
    Removing n32g430_adc.o(i.ADC_Deep_Power_Mode_Enable), (16 bytes).
    Removing n32g430_adc.o(i.ADC_Differential_Channels_Config), (28 bytes).
    Removing n32g430_adc.o(i.ADC_Differential_Mode_Disable), (16 bytes).
    Removing n32g430_adc.o(i.ADC_Differential_Mode_Enable), (16 bytes).
    Removing n32g430_adc.o(i.ADC_Discontinuous_Mode_Channel_Count_Config), (24 bytes).
    Removing n32g430_adc.o(i.ADC_Discontinuous_Mode_Config), (60 bytes).
    Removing n32g430_adc.o(i.ADC_External_Trigger_Conversion_Config), (60 bytes).
    Removing n32g430_adc.o(i.ADC_Flag_Status_Clear), (16 bytes).
    Removing n32g430_adc.o(i.ADC_Flag_Status_Get), (32 bytes).
    Removing n32g430_adc.o(i.ADC_INTFlag_Status_Clear), (16 bytes).
    Removing n32g430_adc.o(i.ADC_INTFlag_Status_Get), (20 bytes).
    Removing n32g430_adc.o(i.ADC_Initializes), (54 bytes).
    Removing n32g430_adc.o(i.ADC_Initializes_Ex), (128 bytes).
    Removing n32g430_adc.o(i.ADC_Initializes_Structure), (14 bytes).
    Removing n32g430_adc.o(i.ADC_Initializes_StructureEx), (24 bytes).
    Removing n32g430_adc.o(i.ADC_Injected_Channels_Number_Config), (24 bytes).
    Removing n32g430_adc.o(i.ADC_Injected_Channels_Offset_Config), (16 bytes).
    Removing n32g430_adc.o(i.ADC_Injected_Channels_Software_Conversion_Operation), (60 bytes).
    Removing n32g430_adc.o(i.ADC_Injected_Group_Autoconversion_Disable), (16 bytes).
    Removing n32g430_adc.o(i.ADC_Injected_Group_Autoconversion_Enable), (16 bytes).
    Removing n32g430_adc.o(i.ADC_Injected_Group_Conversion_Data_Get), (20 bytes).
    Removing n32g430_adc.o(i.ADC_Injected_Group_External_Trigger_Source_Config), (24 bytes).
    Removing n32g430_adc.o(i.ADC_Injected_Sequence_Conversion_Number_Config), (32 bytes).
    Removing n32g430_adc.o(i.ADC_Interrupts_Disable), (24 bytes).
    Removing n32g430_adc.o(i.ADC_Interrupts_Enable), (24 bytes).
    Removing n32g430_adc.o(i.ADC_Multichannels_Disable), (16 bytes).
    Removing n32g430_adc.o(i.ADC_Multichannels_Enable), (16 bytes).
    Removing n32g430_adc.o(i.ADC_OFF), (16 bytes).
    Removing n32g430_adc.o(i.ADC_ON), (16 bytes).
    Removing n32g430_adc.o(i.ADC_PLL_Clock_Mode_Config), (16 bytes).
    Removing n32g430_adc.o(i.ADC_Regular_Channels_Number_Config), (24 bytes).
    Removing n32g430_adc.o(i.ADC_Regular_Channels_Software_Conversion_Operation), (60 bytes).
    Removing n32g430_adc.o(i.ADC_Regular_Group_Conversion_Data_Get), (12 bytes).
    Removing n32g430_adc.o(i.ADC_Regular_Group_External_Trigger_Source_Config), (24 bytes).
    Removing n32g430_adc.o(i.ADC_Regular_Sequence_Conversion_Number_Config), (60 bytes).
    Removing n32g430_adc.o(i.ADC_Reset), (8 bytes).
    Removing n32g430_adc.o(i.ADC_Sample_Time_Level_Config), (24 bytes).
    Removing n32g430_adc.o(i.ADC_Temperature_Sensor_And_Vrefint_Channel_Disable), (32 bytes).
    Removing n32g430_adc.o(i.ADC_Temperature_Sensor_And_Vrefint_Channel_Enable), (32 bytes).
    Removing n32g430_adc.o(i.ADC_Vbat_Monitor_Disable), (32 bytes).
    Removing n32g430_adc.o(i.ADC_Vbat_Monitor_Enable), (32 bytes).
    Removing n32g430_adc.o(i.ADC_Vrefint_Get), (24 bytes).
    Removing n32g430_adc.o(.data), (4 bytes).
    Removing n32g430_adc.o(.data), (8 bytes).
    Removing n32g430_beeper.o(.rev16_text), (4 bytes).
    Removing n32g430_beeper.o(.revsh_text), (4 bytes).
    Removing n32g430_beeper.o(.rrx_text), (6 bytes).
    Removing n32g430_beeper.o(i.BEEPER_APB_Clock_Prescale_Set), (24 bytes).
    Removing n32g430_beeper.o(i.BEEPER_Bypass_Clock_Signal), (16 bytes).
    Removing n32g430_beeper.o(i.BEEPER_Clock_Select), (24 bytes).
    Removing n32g430_beeper.o(i.BEEPER_Disable), (16 bytes).
    Removing n32g430_beeper.o(i.BEEPER_Div_Factor_Select), (28 bytes).
    Removing n32g430_beeper.o(i.BEEPER_Enable), (16 bytes).
    Removing n32g430_beeper.o(i.BEEPER_Initialize), (26 bytes).
    Removing n32g430_beeper.o(i.BEEPER_Inverted_Disable), (16 bytes).
    Removing n32g430_beeper.o(i.BEEPER_Inverted_Enable), (16 bytes).
    Removing n32g430_beeper.o(i.BEEPER_Reset), (6 bytes).
    Removing n32g430_can.o(.rev16_text), (4 bytes).
    Removing n32g430_can.o(.revsh_text), (4 bytes).
    Removing n32g430_can.o(.rrx_text), (6 bytes).
    Removing n32g430_can.o(i.CAN_Arbitration_Lost_Status_Get), (44 bytes).
    Removing n32g430_can.o(i.CAN_Bit_Timing_Set), (32 bytes).
    Removing n32g430_can.o(i.CAN_Bus_Off_Disable), (10 bytes).
    Removing n32g430_can.o(i.CAN_Bus_Off_Enable), (10 bytes).
    Removing n32g430_can.o(i.CAN_Config_Interrupt_Disable), (8 bytes).
    Removing n32g430_can.o(i.CAN_Config_Interrupt_Enable), (8 bytes).
    Removing n32g430_can.o(i.CAN_DATA_FIFO_Receive_Lock_Disable), (10 bytes).
    Removing n32g430_can.o(i.CAN_DATA_FIFO_Receive_Lock_Enable), (10 bytes).
    Removing n32g430_can.o(i.CAN_DATA_FIFO_Transmit_Priority_Disable), (10 bytes).
    Removing n32g430_can.o(i.CAN_DATA_FIFO_Transmit_Priority_Enable), (10 bytes).
    Removing n32g430_can.o(i.CAN_Debug_Freeze_Disable), (10 bytes).
    Removing n32g430_can.o(i.CAN_Debug_Freeze_Enable), (10 bytes).
    Removing n32g430_can.o(i.CAN_FIFO_Release), (22 bytes).
    Removing n32g430_can.o(i.CAN_Filter_Activate), (16 bytes).
    Removing n32g430_can.o(i.CAN_Filter_DATA_FIFO_Assign), (28 bytes).
    Removing n32g430_can.o(i.CAN_Filter_Deactivation), (16 bytes).
    Removing n32g430_can.o(i.CAN_Filter_Initializes), (72 bytes).
    Removing n32g430_can.o(i.CAN_Filter_Initializes_Disable), (16 bytes).
    Removing n32g430_can.o(i.CAN_Filter_Initializes_Enable), (16 bytes).
    Removing n32g430_can.o(i.CAN_Filter_Mode_Set), (24 bytes).
    Removing n32g430_can.o(i.CAN_Filter_Scale_16bit_Set), (64 bytes).
    Removing n32g430_can.o(i.CAN_Filter_Scale_32bit_Set), (60 bytes).
    Removing n32g430_can.o(i.CAN_Flag_Lowest_Priority_Get), (44 bytes).
    Removing n32g430_can.o(i.CAN_Flag_Status_Clear), (48 bytes).
    Removing n32g430_can.o(i.CAN_Flag_Transmit_Mailbox_Empty_Get), (44 bytes).
    Removing n32g430_can.o(i.CAN_Flag_status_Get), (46 bytes).
    Removing n32g430_can.o(i.CAN_Initializes), (212 bytes).
    Removing n32g430_can.o(i.CAN_Initializes_Disable), (10 bytes).
    Removing n32g430_can.o(i.CAN_Initializes_Enable), (10 bytes).
    Removing n32g430_can.o(i.CAN_Initializes_Leave_Wait), (22 bytes).
    Removing n32g430_can.o(i.CAN_Initializes_Wait), (22 bytes).
    Removing n32g430_can.o(i.CAN_Interrupt_Status_Clear), (120 bytes).
    Removing n32g430_can.o(i.CAN_Interrupt_Status_Get), (168 bytes).
    Removing n32g430_can.o(i.CAN_LSB_Transmit_Error_Counter_Get), (8 bytes).
    Removing n32g430_can.o(i.CAN_Last_Error_Code_Get), (10 bytes).
    Removing n32g430_can.o(i.CAN_Last_Sample_Point_Get), (14 bytes).
    Removing n32g430_can.o(i.CAN_Mailbox_Code_Get), (36 bytes).
    Removing n32g430_can.o(i.CAN_Message_Pending_Get), (22 bytes).
    Removing n32g430_can.o(i.CAN_Message_Receive), (144 bytes).
    Removing n32g430_can.o(i.CAN_No_Retransmission_Disable), (10 bytes).
    Removing n32g430_can.o(i.CAN_No_Retransmission_Enable), (10 bytes).
    Removing n32g430_can.o(i.CAN_Operating_Mode_Select), (140 bytes).
    Removing n32g430_can.o(i.CAN_Receive_Error_Counter_Get), (6 bytes).
    Removing n32g430_can.o(i.CAN_Receive_Mode_Get), (14 bytes).
    Removing n32g430_can.o(i.CAN_Receive_Signal_Get), (14 bytes).
    Removing n32g430_can.o(i.CAN_Reset), (8 bytes).
    Removing n32g430_can.o(i.CAN_Sleep_Mode_Enter), (30 bytes).
    Removing n32g430_can.o(i.CAN_Sleep_Mode_Exit), (10 bytes).
    Removing n32g430_can.o(i.CAN_Software_Reset), (10 bytes).
    Removing n32g430_can.o(i.CAN_Structure_Initializes), (32 bytes).
    Removing n32g430_can.o(i.CAN_Time_Stamp_Sent_Disable), (46 bytes).
    Removing n32g430_can.o(i.CAN_Time_Stamp_Sent_Enable), (46 bytes).
    Removing n32g430_can.o(i.CAN_Time_Trigger_Mode_Disable), (10 bytes).
    Removing n32g430_can.o(i.CAN_Time_Trigger_Mode_Enable), (10 bytes).
    Removing n32g430_can.o(i.CAN_Transmit_Enable), (18 bytes).
    Removing n32g430_can.o(i.CAN_Transmit_Fail_Status_Get), (44 bytes).
    Removing n32g430_can.o(i.CAN_Transmit_Message_Cancel), (26 bytes).
    Removing n32g430_can.o(i.CAN_Transmit_Message_DLC_Config), (32 bytes).
    Removing n32g430_can.o(i.CAN_Transmit_Message_Data_Config), (56 bytes).
    Removing n32g430_can.o(i.CAN_Transmit_Message_ID_Config), (62 bytes).
    Removing n32g430_can.o(i.CAN_Transmit_Message_initializes), (76 bytes).
    Removing n32g430_can.o(i.CAN_Transmit_Mode_Get), (14 bytes).
    Removing n32g430_can.o(i.CAN_Transmit_Status_Get), (108 bytes).
    Removing n32g430_can.o(i.CAN_Wake_Up_Enable), (40 bytes).
    Removing n32g430_can.o(i.CAN_Wake_Up_Mode_Disable), (10 bytes).
    Removing n32g430_can.o(i.CAN_Wake_Up_Mode_Enable), (10 bytes).
    Removing n32g430_can.o(i.Interrupt_Status_Check), (8 bytes).
    Removing n32g430_comp.o(.rev16_text), (4 bytes).
    Removing n32g430_comp.o(.revsh_text), (4 bytes).
    Removing n32g430_comp.o(.rrx_text), (6 bytes).
    Removing n32g430_comp.o(i.COMP2_Output_Xor_Disable), (12 bytes).
    Removing n32g430_comp.o(i.COMP2_Output_Xor_Enable), (12 bytes).
    Removing n32g430_comp.o(i.COMP_Bl_Soucre_Config), (44 bytes).
    Removing n32g430_comp.o(i.COMP_Filter_Clock_Prescale_Config), (44 bytes).
    Removing n32g430_comp.o(i.COMP_Filter_Control_Config), (44 bytes).
    Removing n32g430_comp.o(i.COMP_Filter_Disable), (40 bytes).
    Removing n32g430_comp.o(i.COMP_Filter_Enable), (40 bytes).
    Removing n32g430_comp.o(i.COMP_Filter_SampWindow_Config), (48 bytes).
    Removing n32g430_comp.o(i.COMP_Filter_Threshold_Config), (48 bytes).
    Removing n32g430_comp.o(i.COMP_Hysteresis_Level_Config), (44 bytes).
    Removing n32g430_comp.o(i.COMP_Initializes), (118 bytes).
    Removing n32g430_comp.o(i.COMP_Initializes_Structure), (26 bytes).
    Removing n32g430_comp.o(i.COMP_InmSel_Config), (44 bytes).
    Removing n32g430_comp.o(i.COMP_InpSel_Config), (44 bytes).
    Removing n32g430_comp.o(i.COMP_Interrupt_Disable), (16 bytes).
    Removing n32g430_comp.o(i.COMP_Interrupt_Enable), (16 bytes).
    Removing n32g430_comp.o(i.COMP_Interrupt_Status_Get), (12 bytes).
    Removing n32g430_comp.o(i.COMP_Interrupt_Status_OneComp_Clear), (16 bytes).
    Removing n32g430_comp.o(i.COMP_Interrupt_Status_OneComp_Get), (24 bytes).
    Removing n32g430_comp.o(i.COMP_Lock_Config), (16 bytes).
    Removing n32g430_comp.o(i.COMP_LowPower_Clock_Select), (24 bytes).
    Removing n32g430_comp.o(i.COMP_OFF), (40 bytes).
    Removing n32g430_comp.o(i.COMP_ON), (40 bytes).
    Removing n32g430_comp.o(i.COMP_Output_Polarity_Config), (44 bytes).
    Removing n32g430_comp.o(i.COMP_Output_Status_Get), (32 bytes).
    Removing n32g430_comp.o(i.COMP_Output_Trigger_Config), (44 bytes).
    Removing n32g430_comp.o(i.COMP_Reset), (18 bytes).
    Removing n32g430_comp.o(i.COMP_Voltage_Reference_Config), (64 bytes).
    Removing n32g430_comp.o(i.COMP_Window_Mode_Disable), (12 bytes).
    Removing n32g430_comp.o(i.COMP_Window_Mode_Enable), (12 bytes).
    Removing n32g430_crc.o(.rev16_text), (4 bytes).
    Removing n32g430_crc.o(.revsh_text), (4 bytes).
    Removing n32g430_crc.o(.rrx_text), (6 bytes).
    Removing n32g430_crc.o(i.CRC16_Big_Endian_Format_Set), (16 bytes).
    Removing n32g430_crc.o(i.CRC16_Buffer_Calculate), (28 bytes).
    Removing n32g430_crc.o(i.CRC16_Calculate), (12 bytes).
    Removing n32g430_crc.o(i.CRC16_Get), (12 bytes).
    Removing n32g430_crc.o(i.CRC16_Little_Endian_Format_Set), (16 bytes).
    Removing n32g430_crc.o(i.CRC16_Set), (12 bytes).
    Removing n32g430_crc.o(i.CRC16_Value_Clean_Disable), (16 bytes).
    Removing n32g430_crc.o(i.CRC16_Value_Clean_Enable), (16 bytes).
    Removing n32g430_crc.o(i.CRC32_Buffer_Calculate), (28 bytes).
    Removing n32g430_crc.o(i.CRC32_Calculate), (12 bytes).
    Removing n32g430_crc.o(i.CRC32_Get), (12 bytes).
    Removing n32g430_crc.o(i.CRC32_Independent_Data_Get), (12 bytes).
    Removing n32g430_crc.o(i.CRC32_Independent_Data_Save), (12 bytes).
    Removing n32g430_crc.o(i.CRC32_Reset), (12 bytes).
    Removing n32g430_crc.o(i.CRC_LRC_Get), (12 bytes).
    Removing n32g430_crc.o(i.CRC_LRC_Set), (12 bytes).
    Removing n32g430_dbg.o(.rev16_text), (4 bytes).
    Removing n32g430_dbg.o(.revsh_text), (4 bytes).
    Removing n32g430_dbg.o(.rrx_text), (6 bytes).
    Removing n32g430_dbg.o(i.DBG_Device_Number_Get), (24 bytes).
    Removing n32g430_dbg.o(i.DBG_Peripheral_OFF), (16 bytes).
    Removing n32g430_dbg.o(i.DBG_Peripheral_ON), (16 bytes).
    Removing n32g430_dbg.o(i.DBG_Revision_Number_Get), (12 bytes).
    Removing n32g430_dbg.o(i.UCID_Get), (48 bytes).
    Removing n32g430_dbg.o(i.UID_Get), (48 bytes).
    Removing n32g430_dma.o(.rev16_text), (4 bytes).
    Removing n32g430_dma.o(.revsh_text), (4 bytes).
    Removing n32g430_dma.o(.rrx_text), (6 bytes).
    Removing n32g430_dma.o(i.DMA_Buffer_Size_Config), (4 bytes).
    Removing n32g430_dma.o(i.DMA_Channel_Disable), (10 bytes).
    Removing n32g430_dma.o(i.DMA_Channel_Enable), (10 bytes).
    Removing n32g430_dma.o(i.DMA_Channel_Request_Remap), (4 bytes).
    Removing n32g430_dma.o(i.DMA_Circular_Mode_Config), (16 bytes).
    Removing n32g430_dma.o(i.DMA_Current_Data_Transfer_Number_Get), (6 bytes).
    Removing n32g430_dma.o(i.DMA_Current_Data_Transfer_Number_Set), (4 bytes).
    Removing n32g430_dma.o(i.DMA_Destination_Config), (16 bytes).
    Removing n32g430_dma.o(i.DMA_Flag_Status_Clear), (4 bytes).
    Removing n32g430_dma.o(i.DMA_Flag_Status_Get), (10 bytes).
    Removing n32g430_dma.o(i.DMA_Initializes), (86 bytes).
    Removing n32g430_dma.o(i.DMA_Interrupt_Status_Clear), (4 bytes).
    Removing n32g430_dma.o(i.DMA_Interrupt_Status_Get), (10 bytes).
    Removing n32g430_dma.o(i.DMA_Interrupts_Disable), (8 bytes).
    Removing n32g430_dma.o(i.DMA_Interrupts_Enable), (8 bytes).
    Removing n32g430_dma.o(i.DMA_Memory_2_Memory_Config), (16 bytes).
    Removing n32g430_dma.o(i.DMA_Memory_Addr_Increment_Config), (16 bytes).
    Removing n32g430_dma.o(i.DMA_Memory_Address_Config), (4 bytes).
    Removing n32g430_dma.o(i.DMA_Memory_Data_Width_Config), (16 bytes).
    Removing n32g430_dma.o(i.DMA_Peripheral_Addr_Increment_Config), (16 bytes).
    Removing n32g430_dma.o(i.DMA_Peripheral_Address_Config), (4 bytes).
    Removing n32g430_dma.o(i.DMA_Peripheral_Data_Width_Config), (16 bytes).
    Removing n32g430_dma.o(i.DMA_Priority_Config), (16 bytes).
    Removing n32g430_dma.o(i.DMA_Reset), (156 bytes).
    Removing n32g430_dma.o(i.DMA_Structure_Initializes), (26 bytes).
    Removing n32g430_exti.o(.rev16_text), (4 bytes).
    Removing n32g430_exti.o(.revsh_text), (4 bytes).
    Removing n32g430_exti.o(.rrx_text), (6 bytes).
    Removing n32g430_exti.o(i.EXTI_Flag_Status_Clear), (12 bytes).
    Removing n32g430_exti.o(i.EXTI_Flag_Status_Get), (20 bytes).
    Removing n32g430_exti.o(i.EXTI_Interrupt_Status_Clear), (12 bytes).
    Removing n32g430_exti.o(i.EXTI_Interrupt_Status_Get), (32 bytes).
    Removing n32g430_exti.o(i.EXTI_LineCmd_Disable), (20 bytes).
    Removing n32g430_exti.o(i.EXTI_Peripheral_Initializes), (34 bytes).
    Removing n32g430_exti.o(i.EXTI_RTC_Time_Stamp_Select), (20 bytes).
    Removing n32g430_exti.o(i.EXTI_Reset), (36 bytes).
    Removing n32g430_exti.o(i.EXTI_Software_Interrupt_Trigger), (16 bytes).
    Removing n32g430_exti.o(i.EXTI_Structure_Initializes), (14 bytes).
    Removing n32g430_exti.o(i.EXTI_Trigger_Config), (56 bytes).
    Removing n32g430_exti.o(i.EXTI_Work_Mode_Config), (32 bytes).
    Removing n32g430_flash.o(.rev16_text), (4 bytes).
    Removing n32g430_flash.o(.revsh_text), (4 bytes).
    Removing n32g430_flash.o(.rrx_text), (6 bytes).
    Removing n32g430_flash.o(i.FLASH_Cache_LOCK_Cancel), (20 bytes).
    Removing n32g430_flash.o(i.FLASH_Cache_LOCK_Start), (24 bytes).
    Removing n32g430_flash.o(i.FLASH_Cache_LOCK_Status_Get), (20 bytes).
    Removing n32g430_flash.o(i.FLASH_Cache_LOCK_Stop), (16 bytes).
    Removing n32g430_flash.o(i.FLASH_Flag_Status_Clear), (16 bytes).
    Removing n32g430_flash.o(i.FLASH_Flag_Status_Get), (20 bytes).
    Removing n32g430_flash.o(i.FLASH_ICache_Disable), (16 bytes).
    Removing n32g430_flash.o(i.FLASH_ICache_Enable), (16 bytes).
    Removing n32g430_flash.o(i.FLASH_ICache_Reset), (16 bytes).
    Removing n32g430_flash.o(i.FLASH_ICache_Status_Get), (20 bytes).
    Removing n32g430_flash.o(i.FLASH_Interrupt_Disable), (16 bytes).
    Removing n32g430_flash.o(i.FLASH_Interrupt_Enable), (16 bytes).
    Removing n32g430_flash.o(i.FLASH_Last_Operation_Wait), (36 bytes).
    Removing n32g430_flash.o(i.FLASH_Latency_Get), (16 bytes).
    Removing n32g430_flash.o(i.FLASH_Latency_Set), (20 bytes).
    Removing n32g430_flash.o(i.FLASH_Lock), (16 bytes).
    Removing n32g430_flash.o(i.FLASH_Mass_Erase), (60 bytes).
    Removing n32g430_flash.o(i.FLASH_One_Page_Erase), (64 bytes).
    Removing n32g430_flash.o(i.FLASH_Option_Bytes2_User_Get), (20 bytes).
    Removing n32g430_flash.o(i.FLASH_Option_Bytes_DATA_Program), (92 bytes).
    Removing n32g430_flash.o(i.FLASH_Option_Bytes_Data0_Get), (16 bytes).
    Removing n32g430_flash.o(i.FLASH_Option_Bytes_Data1_Get), (16 bytes).
    Removing n32g430_flash.o(i.FLASH_Option_Bytes_Erase), (96 bytes).
    Removing n32g430_flash.o(i.FLASH_Option_Bytes_Flag_Get), (20 bytes).
    Removing n32g430_flash.o(i.FLASH_Option_Bytes_User2_RDP2_Program), (100 bytes).
    Removing n32g430_flash.o(i.FLASH_Option_Bytes_User_Get), (12 bytes).
    Removing n32g430_flash.o(i.FLASH_Option_Bytes_User_RDP1_Program), (124 bytes).
    Removing n32g430_flash.o(i.FLASH_Option_Bytes_Write_Protection_Get), (12 bytes).
    Removing n32g430_flash.o(i.FLASH_Prefetch_Buffer_Disable), (16 bytes).
    Removing n32g430_flash.o(i.FLASH_Prefetch_Buffer_Enable), (16 bytes).
    Removing n32g430_flash.o(i.FLASH_Prefetch_Buffer_Status_Get), (20 bytes).
    Removing n32g430_flash.o(i.FLASH_Read_Out_Protection_L1_Disable), (144 bytes).
    Removing n32g430_flash.o(i.FLASH_Read_Out_Protection_L1_Enable), (144 bytes).
    Removing n32g430_flash.o(i.FLASH_Read_Out_Protection_L2_Enable), (176 bytes).
    Removing n32g430_flash.o(i.FLASH_Read_Out_Protection_L2_Status_Get), (20 bytes).
    Removing n32g430_flash.o(i.FLASH_Read_Out_Protection_Status_Get), (20 bytes).
    Removing n32g430_flash.o(i.FLASH_Status_Get), (40 bytes).
    Removing n32g430_flash.o(i.FLASH_Unlock), (24 bytes).
    Removing n32g430_flash.o(i.FLASH_Word_Program), (68 bytes).
    Removing n32g430_flash.o(i.FLASH_Write_Protection_Enable), (108 bytes).
    Removing n32g430_flash.o(i.Option_Bytes_Lock), (16 bytes).
    Removing n32g430_flash.o(i.Option_Bytes_Lock_Status_Get), (20 bytes).
    Removing n32g430_flash.o(i.Option_Bytes_Unlock), (24 bytes).
    Removing n32g430_gpio.o(.rev16_text), (4 bytes).
    Removing n32g430_gpio.o(.revsh_text), (4 bytes).
    Removing n32g430_gpio.o(.rrx_text), (6 bytes).
    Removing n32g430_gpio.o(i.AFIO_5V_Tolerance_Disable), (16 bytes).
    Removing n32g430_gpio.o(i.AFIO_5V_Tolerance_Enable), (16 bytes).
    Removing n32g430_gpio.o(i.AFIO_ADC_External_Trigger_Remap_Set), (68 bytes).
    Removing n32g430_gpio.o(i.AFIO_Digital_EFT_Disable), (96 bytes).
    Removing n32g430_gpio.o(i.AFIO_Digital_EFT_Enable), (96 bytes).
    Removing n32g430_gpio.o(i.AFIO_EFT_Disable), (96 bytes).
    Removing n32g430_gpio.o(i.AFIO_EFT_Enable), (96 bytes).
    Removing n32g430_gpio.o(i.AFIO_EXTI_Reset), (56 bytes).
    Removing n32g430_gpio.o(i.AFIO_Filter_Stage_Ctrl), (12 bytes).
    Removing n32g430_gpio.o(i.AFIO_SPI_NSS_Mode_Set), (24 bytes).
    Removing n32g430_gpio.o(i.GPIOA_Pin_Reset), (220 bytes).
    Removing n32g430_gpio.o(i.GPIOB_Pin_Reset), (228 bytes).
    Removing n32g430_gpio.o(i.GPIOC_Pin_Reset), (116 bytes).
    Removing n32g430_gpio.o(i.GPIOD_Pin_Reset), (160 bytes).
    Removing n32g430_gpio.o(i.GPIO_ALLPin_Reset), (34 bytes).
    Removing n32g430_gpio.o(i.GPIO_Alternate_Function_Reset), (6 bytes).
    Removing n32g430_gpio.o(i.GPIO_Alternate_Set), (46 bytes).
    Removing n32g430_gpio.o(i.GPIO_Driver_Set), (20 bytes).
    Removing n32g430_gpio.o(i.GPIO_EXTI_Line_Set), (40 bytes).
    Removing n32g430_gpio.o(i.GPIO_Input_Data_Get), (6 bytes).
    Removing n32g430_gpio.o(i.GPIO_Input_Pin_Data_Get), (10 bytes).
    Removing n32g430_gpio.o(i.GPIO_Mode_Set), (58 bytes).
    Removing n32g430_gpio.o(i.GPIO_Output_Data_Get), (6 bytes).
    Removing n32g430_gpio.o(i.GPIO_Output_Pin_Data_Get), (10 bytes).
    Removing n32g430_gpio.o(i.GPIO_PBC_Pins_Reset), (4 bytes).
    Removing n32g430_gpio.o(i.GPIO_PBSC_Pins_Reset), (6 bytes).
    Removing n32g430_gpio.o(i.GPIO_Peripheral_Initialize), (80 bytes).
    Removing n32g430_gpio.o(i.GPIO_Pin_Lock_Set), (16 bytes).
    Removing n32g430_gpio.o(i.GPIO_Pin_Remap_Set), (88 bytes).
    Removing n32g430_gpio.o(i.GPIO_Pin_Toggle), (8 bytes).
    Removing n32g430_gpio.o(i.GPIO_Pins_Reset), (4 bytes).
    Removing n32g430_gpio.o(i.GPIO_Pins_Set), (4 bytes).
    Removing n32g430_gpio.o(i.GPIO_Pull_Set), (20 bytes).
    Removing n32g430_gpio.o(i.GPIO_Reset), (60 bytes).
    Removing n32g430_gpio.o(i.GPIO_SlewRate_Set), (18 bytes).
    Removing n32g430_gpio.o(i.GPIO_Structure_Initialize), (22 bytes).
    Removing n32g430_gpio.o(i.GPIO_Write), (4 bytes).
    Removing n32g430_gpio.o(i.GPIO_WriteBit), (10 bytes).
    Removing n32g430_i2c.o(.rev16_text), (4 bytes).
    Removing n32g430_i2c.o(.revsh_text), (4 bytes).
    Removing n32g430_i2c.o(.rrx_text), (6 bytes).
    Removing n32g430_i2c.o(i.I2C_7bit_Addr_Send), (18 bytes).
    Removing n32g430_i2c.o(i.I2C_ARP_Disable), (10 bytes).
    Removing n32g430_i2c.o(i.I2C_ARP_Enable), (10 bytes).
    Removing n32g430_i2c.o(i.I2C_Acknowledg_Disable), (10 bytes).
    Removing n32g430_i2c.o(i.I2C_Acknowledg_Enable), (10 bytes).
    Removing n32g430_i2c.o(i.I2C_Acknowledgement_Config), (12 bytes).
    Removing n32g430_i2c.o(i.I2C_Addressing_Mode_Config), (12 bytes).
    Removing n32g430_i2c.o(i.I2C_Bus_Mode_Config), (12 bytes).
    Removing n32g430_i2c.o(i.I2C_Clock_Speed_Config), (192 bytes).
    Removing n32g430_i2c.o(i.I2C_DMA_Last_Transfer_Disable), (10 bytes).
    Removing n32g430_i2c.o(i.I2C_DMA_Last_Transfer_Enable), (10 bytes).
    Removing n32g430_i2c.o(i.I2C_DMA_Transfer_Disable), (10 bytes).
    Removing n32g430_i2c.o(i.I2C_DMA_Transfer_Enable), (10 bytes).
    Removing n32g430_i2c.o(i.I2C_Data_Recv), (6 bytes).
    Removing n32g430_i2c.o(i.I2C_Data_Send), (4 bytes).
    Removing n32g430_i2c.o(i.I2C_Dual_Addr_Disable), (10 bytes).
    Removing n32g430_i2c.o(i.I2C_Dual_Addr_Enable), (10 bytes).
    Removing n32g430_i2c.o(i.I2C_Event_Check), (24 bytes).
    Removing n32g430_i2c.o(i.I2C_Extend_Clock_Disable), (10 bytes).
    Removing n32g430_i2c.o(i.I2C_Extend_Clock_Enable), (10 bytes).
    Removing n32g430_i2c.o(i.I2C_Fast_Mode_Duty_Cycle_Set), (22 bytes).
    Removing n32g430_i2c.o(i.I2C_Flag_Status_Clear), (6 bytes).
    Removing n32g430_i2c.o(i.I2C_Flag_Status_Get), (44 bytes).
    Removing n32g430_i2c.o(i.I2C_General_Call_Disable), (10 bytes).
    Removing n32g430_i2c.o(i.I2C_General_Call_Enable), (10 bytes).
    Removing n32g430_i2c.o(i.I2C_Generate_Start_Disable), (10 bytes).
    Removing n32g430_i2c.o(i.I2C_Generate_Start_Enable), (10 bytes).
    Removing n32g430_i2c.o(i.I2C_Generate_Stop_Disable), (10 bytes).
    Removing n32g430_i2c.o(i.I2C_Generate_Stop_Enable), (10 bytes).
    Removing n32g430_i2c.o(i.I2C_Initializes), (50 bytes).
    Removing n32g430_i2c.o(i.I2C_Initializes_Structure), (28 bytes).
    Removing n32g430_i2c.o(i.I2C_Interrupt_Statu_Clear), (6 bytes).
    Removing n32g430_i2c.o(i.I2C_Interrupt_Status_Get), (32 bytes).
    Removing n32g430_i2c.o(i.I2C_Interrupts_Disable), (8 bytes).
    Removing n32g430_i2c.o(i.I2C_Interrupts_Enable), (8 bytes).
    Removing n32g430_i2c.o(i.I2C_Last_Event_Get), (14 bytes).
    Removing n32g430_i2c.o(i.I2C_NACK_Position_Set), (22 bytes).
    Removing n32g430_i2c.o(i.I2C_OFF), (10 bytes).
    Removing n32g430_i2c.o(i.I2C_ON), (10 bytes).
    Removing n32g430_i2c.o(i.I2C_Own_Addr1_Config), (12 bytes).
    Removing n32g430_i2c.o(i.I2C_Own_Addr2_Set), (16 bytes).
    Removing n32g430_i2c.o(i.I2C_PEC_Compute_Disable), (10 bytes).
    Removing n32g430_i2c.o(i.I2C_PEC_Compute_Enable), (10 bytes).
    Removing n32g430_i2c.o(i.I2C_PEC_Get), (6 bytes).
    Removing n32g430_i2c.o(i.I2C_PEC_Position_Set), (22 bytes).
    Removing n32g430_i2c.o(i.I2C_PEC_Send_Disable), (10 bytes).
    Removing n32g430_i2c.o(i.I2C_PEC_Send_Enable), (10 bytes).
    Removing n32g430_i2c.o(i.I2C_Register_Value_Get), (10 bytes).
    Removing n32g430_i2c.o(i.I2C_Reset), (24 bytes).
    Removing n32g430_i2c.o(i.I2C_SCL_Analog_Filter_Disable), (10 bytes).
    Removing n32g430_i2c.o(i.I2C_SCL_Analog_Filter_Enable), (10 bytes).
    Removing n32g430_i2c.o(i.I2C_SCL_Analog_Filter_Width_Set), (14 bytes).
    Removing n32g430_i2c.o(i.I2C_SCL_Digital_Filter_Width_Set), (14 bytes).
    Removing n32g430_i2c.o(i.I2C_SDA_Analog_Filter_Disable), (10 bytes).
    Removing n32g430_i2c.o(i.I2C_SDA_Analog_Filter_Enable), (10 bytes).
    Removing n32g430_i2c.o(i.I2C_SDA_Analog_Filter_Width_Set), (12 bytes).
    Removing n32g430_i2c.o(i.I2C_SDA_Digital_Filter_Width_Set), (14 bytes).
    Removing n32g430_i2c.o(i.I2C_SMBus_Alert_Pin_Set), (22 bytes).
    Removing n32g430_i2c.o(i.I2C_Software_Reset_Disable), (10 bytes).
    Removing n32g430_i2c.o(i.I2C_Software_Reset_Enable), (10 bytes).
    Removing n32g430_iwdg.o(.rev16_text), (4 bytes).
    Removing n32g430_iwdg.o(.revsh_text), (4 bytes).
    Removing n32g430_iwdg.o(.rrx_text), (6 bytes).
    Removing n32g430_iwdg.o(i.IWDG_Counter_Reload), (12 bytes).
    Removing n32g430_iwdg.o(i.IWDG_Enable), (16 bytes).
    Removing n32g430_iwdg.o(i.IWDG_Freeze_Enable), (16 bytes).
    Removing n32g430_iwdg.o(i.IWDG_Key_Reload), (16 bytes).
    Removing n32g430_iwdg.o(i.IWDG_Prescaler_Division_Set), (12 bytes).
    Removing n32g430_iwdg.o(i.IWDG_Restore_From_Freeze), (16 bytes).
    Removing n32g430_iwdg.o(i.IWDG_Status_Get), (20 bytes).
    Removing n32g430_iwdg.o(i.IWDG_Write_Protection_Disable), (16 bytes).
    Removing n32g430_iwdg.o(i.IWDG_Write_Protection_Enable), (12 bytes).
    Removing n32g430_lptim.o(.rev16_text), (4 bytes).
    Removing n32g430_lptim.o(.revsh_text), (4 bytes).
    Removing n32g430_lptim.o(.rrx_text), (6 bytes).
    Removing n32g430_lptim.o(i.LPTIM_Auto_Reload_Get), (6 bytes).
    Removing n32g430_lptim.o(i.LPTIM_Auto_Reload_Set), (4 bytes).
    Removing n32g430_lptim.o(i.LPTIM_Clock_Config), (18 bytes).
    Removing n32g430_lptim.o(i.LPTIM_Clock_Filter_Get), (8 bytes).
    Removing n32g430_lptim.o(i.LPTIM_Clock_Polarity_Get), (8 bytes).
    Removing n32g430_lptim.o(i.LPTIM_Clock_Source_Get), (8 bytes).
    Removing n32g430_lptim.o(i.LPTIM_Clock_Source_Set), (16 bytes).
    Removing n32g430_lptim.o(i.LPTIM_Compare_Get), (6 bytes).
    Removing n32g430_lptim.o(i.LPTIM_Compare_Set), (4 bytes).
    Removing n32g430_lptim.o(i.LPTIM_Counter_Get), (6 bytes).
    Removing n32g430_lptim.o(i.LPTIM_Counter_Mode_Get), (8 bytes).
    Removing n32g430_lptim.o(i.LPTIM_Counter_Mode_Set), (16 bytes).
    Removing n32g430_lptim.o(i.LPTIM_Counter_Start), (16 bytes).
    Removing n32g430_lptim.o(i.LPTIM_Encoder_Mode_Check), (8 bytes).
    Removing n32g430_lptim.o(i.LPTIM_Encoder_Mode_Disable), (10 bytes).
    Removing n32g430_lptim.o(i.LPTIM_Encoder_Mode_Enable), (10 bytes).
    Removing n32g430_lptim.o(i.LPTIM_Encoder_Mode_Get), (8 bytes).
    Removing n32g430_lptim.o(i.LPTIM_Encoder_Mode_Set), (16 bytes).
    Removing n32g430_lptim.o(i.LPTIM_FLAG_Clear), (8 bytes).
    Removing n32g430_lptim.o(i.LPTIM_Flag_Get), (14 bytes).
    Removing n32g430_lptim.o(i.LPTIM_Initializes), (54 bytes).
    Removing n32g430_lptim.o(i.LPTIM_Initializes_Structure), (12 bytes).
    Removing n32g430_lptim.o(i.LPTIM_Input1_Option), (16 bytes).
    Removing n32g430_lptim.o(i.LPTIM_Input2_Option), (16 bytes).
    Removing n32g430_lptim.o(i.LPTIM_Interrupt_Check), (14 bytes).
    Removing n32g430_lptim.o(i.LPTIM_Interrupt_Disable), (8 bytes).
    Removing n32g430_lptim.o(i.LPTIM_Interrupt_Enable), (8 bytes).
    Removing n32g430_lptim.o(i.LPTIM_NoEncoder_Mode_Disable), (10 bytes).
    Removing n32g430_lptim.o(i.LPTIM_NoEncoder_Mode_Enable), (10 bytes).
    Removing n32g430_lptim.o(i.LPTIM_OFF), (10 bytes).
    Removing n32g430_lptim.o(i.LPTIM_ON), (10 bytes).
    Removing n32g430_lptim.o(i.LPTIM_Output_Config), (18 bytes).
    Removing n32g430_lptim.o(i.LPTIM_Polarity_Get), (8 bytes).
    Removing n32g430_lptim.o(i.LPTIM_Polarity_Set), (16 bytes).
    Removing n32g430_lptim.o(i.LPTIM_Prescaler_Get), (8 bytes).
    Removing n32g430_lptim.o(i.LPTIM_Prescaler_Set), (16 bytes).
    Removing n32g430_lptim.o(i.LPTIM_Reset), (4 bytes).
    Removing n32g430_lptim.o(i.LPTIM_Software_Trigger), (10 bytes).
    Removing n32g430_lptim.o(i.LPTIM_Timeout_Disable), (10 bytes).
    Removing n32g430_lptim.o(i.LPTIM_Timeout_Enable), (10 bytes).
    Removing n32g430_lptim.o(i.LPTIM_Timeout_Get), (8 bytes).
    Removing n32g430_lptim.o(i.LPTIM_Trigger_Config), (28 bytes).
    Removing n32g430_lptim.o(i.LPTIM_Trigger_Filter_Get), (8 bytes).
    Removing n32g430_lptim.o(i.LPTIM_Trigger_Polarity_Get), (8 bytes).
    Removing n32g430_lptim.o(i.LPTIM_Trigger_Source_Get), (8 bytes).
    Removing n32g430_lptim.o(i.LPTIM_Update_Mode_Get), (8 bytes).
    Removing n32g430_lptim.o(i.LPTIM_Update_Mode_Set), (16 bytes).
    Removing n32g430_lptim.o(i.LPTIM_Waveform_Get), (8 bytes).
    Removing n32g430_lptim.o(i.LPTIM_Waveform_Set), (16 bytes).
    Removing n32g430_pwr.o(.rev16_text), (4 bytes).
    Removing n32g430_pwr.o(.revsh_text), (4 bytes).
    Removing n32g430_pwr.o(.rrx_text), (6 bytes).
    Removing n32g430_pwr.o(i.PWR_Flag_Status_Clear), (28 bytes).
    Removing n32g430_pwr.o(i.PWR_Flag_Status_Get), (20 bytes).
    Removing n32g430_pwr.o(i.PWR_PVD_Disable), (12 bytes).
    Removing n32g430_pwr.o(i.PWR_PVD_Enable), (12 bytes).
    Removing n32g430_pwr.o(i.PWR_PVD_Level_Config), (20 bytes).
    Removing n32g430_pwr.o(i.PWR_RTC_Backup_Access_Disable), (12 bytes).
    Removing n32g430_pwr.o(i.PWR_RTC_Backup_Access_Enable), (12 bytes).
    Removing n32g430_pwr.o(i.PWR_RTC_Wakeup_Disable), (16 bytes).
    Removing n32g430_pwr.o(i.PWR_RTC_Wakeup_Enable), (16 bytes).
    Removing n32g430_pwr.o(i.PWR_Reset), (8 bytes).
    Removing n32g430_pwr.o(i.PWR_SLEEP_Mode_Enter), (56 bytes).
    Removing n32g430_pwr.o(i.PWR_STANDBY_Mode_Enter), (60 bytes).
    Removing n32g430_pwr.o(i.PWR_STOP0_Mode_Enter), (56 bytes).
    Removing n32g430_pwr.o(i.PWR_STOP2_Mode_Enter), (68 bytes).
    Removing n32g430_pwr.o(i.PWR_Wakeup_Pin_Disable), (44 bytes).
    Removing n32g430_pwr.o(i.PWR_Wakeup_Pin_Enable), (56 bytes).
    Removing n32g430_rcc.o(.rev16_text), (4 bytes).
    Removing n32g430_rcc.o(.revsh_text), (4 bytes).
    Removing n32g430_rcc.o(.rrx_text), (6 bytes).
    Removing n32g430_rcc.o(i.RCC_ADC_1M_Clock_Config), (20 bytes).
    Removing n32g430_rcc.o(i.RCC_ADC_Hclk_Config), (20 bytes).
    Removing n32g430_rcc.o(i.RCC_ADC_Hclk_Disable), (20 bytes).
    Removing n32g430_rcc.o(i.RCC_ADC_Hclk_Enable), (20 bytes).
    Removing n32g430_rcc.o(i.RCC_ADC_PLL_Clock_Disable), (16 bytes).
    Removing n32g430_rcc.o(i.RCC_ADC_PLL_Clock_Prescaler_Enable), (20 bytes).
    Removing n32g430_rcc.o(i.RCC_AHB_Peripheral_Clock_Disable), (16 bytes).
    Removing n32g430_rcc.o(i.RCC_AHB_Peripheral_Clock_Enable), (16 bytes).
    Removing n32g430_rcc.o(i.RCC_AHB_Peripheral_Reset), (20 bytes).
    Removing n32g430_rcc.o(i.RCC_APB1_Peripheral_Clock_Disable), (16 bytes).
    Removing n32g430_rcc.o(i.RCC_APB1_Peripheral_Clock_Enable), (16 bytes).
    Removing n32g430_rcc.o(i.RCC_APB1_Peripheral_Reset), (20 bytes).
    Removing n32g430_rcc.o(i.RCC_APB2_Peripheral_Clock_Disable), (16 bytes).
    Removing n32g430_rcc.o(i.RCC_APB2_Peripheral_Clock_Enable), (16 bytes).
    Removing n32g430_rcc.o(i.RCC_APB2_Peripheral_Reset), (20 bytes).
    Removing n32g430_rcc.o(i.RCC_Backup_Reset), (16 bytes).
    Removing n32g430_rcc.o(i.RCC_Clock_Security_System_Disable), (12 bytes).
    Removing n32g430_rcc.o(i.RCC_Clock_Security_System_Enable), (12 bytes).
    Removing n32g430_rcc.o(i.RCC_Clocks_Frequencies_Value_Get), (184 bytes).
    Removing n32g430_rcc.o(i.RCC_Flag_Status_Get), (48 bytes).
    Removing n32g430_rcc.o(i.RCC_HSE_Config), (52 bytes).
    Removing n32g430_rcc.o(i.RCC_HSE_Stable_Wait), (72 bytes).
    Removing n32g430_rcc.o(i.RCC_HSI_Calibration_Value_Set), (20 bytes).
    Removing n32g430_rcc.o(i.RCC_HSI_Disable), (12 bytes).
    Removing n32g430_rcc.o(i.RCC_HSI_Enable), (12 bytes).
    Removing n32g430_rcc.o(i.RCC_HSI_Stable_Wait), (72 bytes).
    Removing n32g430_rcc.o(i.RCC_Hclk_Config), (20 bytes).
    Removing n32g430_rcc.o(i.RCC_Interrupt_Disable), (16 bytes).
    Removing n32g430_rcc.o(i.RCC_Interrupt_Enable), (16 bytes).
    Removing n32g430_rcc.o(i.RCC_Interrupt_Status_Clear), (16 bytes).
    Removing n32g430_rcc.o(i.RCC_Interrupt_Status_Get), (20 bytes).
    Removing n32g430_rcc.o(i.RCC_LPTIM_Clock_Config), (48 bytes).
    Removing n32g430_rcc.o(i.RCC_LPTIM_Disable), (16 bytes).
    Removing n32g430_rcc.o(i.RCC_LPTIM_Enable), (16 bytes).
    Removing n32g430_rcc.o(i.RCC_LPTIM_Reset), (24 bytes).
    Removing n32g430_rcc.o(i.RCC_LSE_Clock_Security_System_Disable), (12 bytes).
    Removing n32g430_rcc.o(i.RCC_LSE_Clock_Security_System_Enable), (12 bytes).
    Removing n32g430_rcc.o(i.RCC_LSE_Clock_Security_System_Status_Get), (20 bytes).
    Removing n32g430_rcc.o(i.RCC_LSE_Config), (80 bytes).
    Removing n32g430_rcc.o(i.RCC_LSE_Stable_Wait), (72 bytes).
    Removing n32g430_rcc.o(i.RCC_LSE_Trim_Config), (40 bytes).
    Removing n32g430_rcc.o(i.RCC_LSI_Disable), (12 bytes).
    Removing n32g430_rcc.o(i.RCC_LSI_Enable), (12 bytes).
    Removing n32g430_rcc.o(i.RCC_LSI_Stable_Wait), (72 bytes).
    Removing n32g430_rcc.o(i.RCC_MCO_PLL_Prescaler_Config), (20 bytes).
    Removing n32g430_rcc.o(i.RCC_MCO_Source_Config), (20 bytes).
    Removing n32g430_rcc.o(i.RCC_PLL_Config), (52 bytes).
    Removing n32g430_rcc.o(i.RCC_PLL_Disable), (12 bytes).
    Removing n32g430_rcc.o(i.RCC_PLL_Enable), (12 bytes).
    Removing n32g430_rcc.o(i.RCC_Pclk1_Config), (20 bytes).
    Removing n32g430_rcc.o(i.RCC_Pclk2_Config), (20 bytes).
    Removing n32g430_rcc.o(i.RCC_RTC_Clock_Config), (24 bytes).
    Removing n32g430_rcc.o(i.RCC_RTC_Clock_Disable), (12 bytes).
    Removing n32g430_rcc.o(i.RCC_RTC_Clock_Enable), (12 bytes).
    Removing n32g430_rcc.o(i.RCC_Reset), (80 bytes).
    Removing n32g430_rcc.o(i.RCC_Reset_Flag_Clear), (24 bytes).
    Removing n32g430_rcc.o(i.RCC_Sysclk_Config), (20 bytes).
    Removing n32g430_rcc.o(i.RCC_Sysclk_Source_Get), (16 bytes).
    Removing n32g430_rcc.o(i.RCC_TIM1_8_Clock_Config), (20 bytes).
    Removing n32g430_rcc.o(.constdata), (64 bytes).
    Removing n32g430_rtc.o(.rev16_text), (4 bytes).
    Removing n32g430_rtc.o(.revsh_text), (4 bytes).
    Removing n32g430_rtc.o(.rrx_text), (6 bytes).
    Removing n32g430_rtc.o(i.RTC_Alarm_Disable), (68 bytes).
    Removing n32g430_rtc.o(i.RTC_Alarm_Enable), (32 bytes).
    Removing n32g430_rtc.o(i.RTC_Alarm_Get), (108 bytes).
    Removing n32g430_rtc.o(i.RTC_Alarm_Set), (148 bytes).
    Removing n32g430_rtc.o(i.RTC_Alarm_Struct_Initializes), (20 bytes).
    Removing n32g430_rtc.o(i.RTC_Alarm_SubSecond_Config), (44 bytes).
    Removing n32g430_rtc.o(i.RTC_Alarm_SubSecond_Get), (28 bytes).
    Removing n32g430_rtc.o(i.RTC_Backup_Register_Read), (16 bytes).
    Removing n32g430_rtc.o(i.RTC_Backup_Register_Write), (16 bytes).
    Removing n32g430_rtc.o(i.RTC_Bcd2_To_Byte), (18 bytes).
    Removing n32g430_rtc.o(i.RTC_Bypass_Shadow_Disable), (32 bytes).
    Removing n32g430_rtc.o(i.RTC_Bypass_Shadow_Enable), (32 bytes).
    Removing n32g430_rtc.o(i.RTC_Byte_To_Bcd2), (24 bytes).
    Removing n32g430_rtc.o(i.RTC_Calendar_Initializes), (384 bytes).
    Removing n32g430_rtc.o(i.RTC_Calibration_Output_Config), (40 bytes).
    Removing n32g430_rtc.o(i.RTC_Calibration_Output_Disable), (32 bytes).
    Removing n32g430_rtc.o(i.RTC_Calibration_Output_Enable), (32 bytes).
    Removing n32g430_rtc.o(i.RTC_Date_Get), (72 bytes).
    Removing n32g430_rtc.o(i.RTC_Date_Struct_Initializes), (14 bytes).
    Removing n32g430_rtc.o(i.RTC_Day_Light_Saving_Config), (48 bytes).
    Removing n32g430_rtc.o(i.RTC_Deinitializes), (160 bytes).
    Removing n32g430_rtc.o(i.RTC_Flag_Clear), (28 bytes).
    Removing n32g430_rtc.o(i.RTC_Flag_Status_Get), (28 bytes).
    Removing n32g430_rtc.o(i.RTC_Initialization_Mode_Enter), (52 bytes).
    Removing n32g430_rtc.o(i.RTC_Initialization_Mode_Exit), (16 bytes).
    Removing n32g430_rtc.o(i.RTC_Interrupt_Status_Clear), (28 bytes).
    Removing n32g430_rtc.o(i.RTC_Interrupt_Status_Get), (76 bytes).
    Removing n32g430_rtc.o(i.RTC_Interrupts_Disable), (32 bytes).
    Removing n32g430_rtc.o(i.RTC_Interrupts_Enable), (32 bytes).
    Removing n32g430_rtc.o(i.RTC_Output_Config), (48 bytes).
    Removing n32g430_rtc.o(i.RTC_Output_Mode_Config), (24 bytes).
    Removing n32g430_rtc.o(i.RTC_Reference_Clock_Disable), (48 bytes).
    Removing n32g430_rtc.o(i.RTC_Reference_Clock_Enable), (48 bytes).
    Removing n32g430_rtc.o(i.RTC_Smooth_Calibration_Config), (72 bytes).
    Removing n32g430_rtc.o(i.RTC_Store_Operation_Get), (16 bytes).
    Removing n32g430_rtc.o(i.RTC_Structure_Initializes), (14 bytes).
    Removing n32g430_rtc.o(i.RTC_SubSecond_Get), (12 bytes).
    Removing n32g430_rtc.o(i.RTC_Synchronization_Shift_Config), (88 bytes).
    Removing n32g430_rtc.o(i.RTC_Tamper_Backup_Register_Clear_Disable), (16 bytes).
    Removing n32g430_rtc.o(i.RTC_Tamper_Backup_Register_Clear_Enable), (16 bytes).
    Removing n32g430_rtc.o(i.RTC_Tamper_Disable), (16 bytes).
    Removing n32g430_rtc.o(i.RTC_Tamper_Enable), (16 bytes).
    Removing n32g430_rtc.o(i.RTC_Tamper_Filter_Config), (24 bytes).
    Removing n32g430_rtc.o(i.RTC_Tamper_Interrput_Disable), (16 bytes).
    Removing n32g430_rtc.o(i.RTC_Tamper_Interrput_Enable), (16 bytes).
    Removing n32g430_rtc.o(i.RTC_Tamper_Pins_Precharge_Duration), (24 bytes).
    Removing n32g430_rtc.o(i.RTC_Tamper_Precharge_Disable), (16 bytes).
    Removing n32g430_rtc.o(i.RTC_Tamper_Precharge_Enable), (16 bytes).
    Removing n32g430_rtc.o(i.RTC_Tamper_Sampling_Frequency_Config), (24 bytes).
    Removing n32g430_rtc.o(i.RTC_Tamper_Trigger_Config), (32 bytes).
    Removing n32g430_rtc.o(i.RTC_TimeStamp_Disable), (32 bytes).
    Removing n32g430_rtc.o(i.RTC_TimeStamp_Enable), (40 bytes).
    Removing n32g430_rtc.o(i.RTC_TimeStamp_Get), (136 bytes).
    Removing n32g430_rtc.o(i.RTC_TimeStamp_On_Tamper_Detection_Disable), (16 bytes).
    Removing n32g430_rtc.o(i.RTC_TimeStamp_On_Tamper_Detection_Enable), (16 bytes).
    Removing n32g430_rtc.o(i.RTC_TimeStamp_SubSecond_Get), (12 bytes).
    Removing n32g430_rtc.o(i.RTC_Time_Get), (76 bytes).
    Removing n32g430_rtc.o(i.RTC_Time_Struct_Initializes), (12 bytes).
    Removing n32g430_rtc.o(i.RTC_Wait_For_Synchronization), (64 bytes).
    Removing n32g430_rtc.o(i.RTC_WakeUp_Clock_Select), (40 bytes).
    Removing n32g430_rtc.o(i.RTC_WakeUp_Counter_Get), (12 bytes).
    Removing n32g430_rtc.o(i.RTC_WakeUp_Counter_Set), (48 bytes).
    Removing n32g430_rtc.o(i.RTC_WakeUp_Disable), (64 bytes).
    Removing n32g430_rtc.o(i.RTC_WakeUp_Enable), (32 bytes).
    Removing n32g430_rtc.o(i.RTC_Write_Protection_Disable), (16 bytes).
    Removing n32g430_rtc.o(i.RTC_Write_Protection_Enable), (12 bytes).
    Removing n32g430_rtc.o(.data), (8 bytes).
    Removing n32g430_spi.o(.rev16_text), (4 bytes).
    Removing n32g430_spi.o(.revsh_text), (4 bytes).
    Removing n32g430_spi.o(.rrx_text), (6 bytes).
    Removing n32g430_spi.o(i.I2S_AudioFrequency_Config), (114 bytes).
    Removing n32g430_spi.o(i.I2S_CLKPOL_Config), (16 bytes).
    Removing n32g430_spi.o(i.I2S_DataFormat_Config), (16 bytes).
    Removing n32g430_spi.o(i.I2S_Initializes), (68 bytes).
    Removing n32g430_spi.o(i.I2S_Initializes_Structure), (18 bytes).
    Removing n32g430_spi.o(i.I2S_MCLK_Disable), (10 bytes).
    Removing n32g430_spi.o(i.I2S_MCLK_Enable), (10 bytes).
    Removing n32g430_spi.o(i.I2S_Mode_Config), (16 bytes).
    Removing n32g430_spi.o(i.I2S_OFF), (10 bytes).
    Removing n32g430_spi.o(i.I2S_ON), (10 bytes).
    Removing n32g430_spi.o(i.I2S_Standard_Config), (16 bytes).
    Removing n32g430_spi.o(i.SPI_BaudRatePres_Config), (16 bytes).
    Removing n32g430_spi.o(i.SPI_CLKPHA_Config), (16 bytes).
    Removing n32g430_spi.o(i.SPI_CLKPOL_Config), (16 bytes).
    Removing n32g430_spi.o(i.SPI_CRC_Data_Get), (12 bytes).
    Removing n32g430_spi.o(i.SPI_CRC_Disable), (10 bytes).
    Removing n32g430_spi.o(i.SPI_CRC_Enable), (10 bytes).
    Removing n32g430_spi.o(i.SPI_CRC_Polynomial_Get), (4 bytes).
    Removing n32g430_spi.o(i.SPI_CRC_Polynomial_Set), (4 bytes).
    Removing n32g430_spi.o(i.SPI_DataDirection_Config), (16 bytes).
    Removing n32g430_spi.o(i.SPI_DataLen_Config), (16 bytes).
    Removing n32g430_spi.o(i.SPI_FirstBit_Config), (16 bytes).
    Removing n32g430_spi.o(i.SPI_I2S_Clear_Flag_Status), (46 bytes).
    Removing n32g430_spi.o(i.SPI_I2S_DMA_Transfer_Disable), (8 bytes).
    Removing n32g430_spi.o(i.SPI_I2S_DMA_Transfer_Enable), (8 bytes).
    Removing n32g430_spi.o(i.SPI_I2S_Data_Get), (4 bytes).
    Removing n32g430_spi.o(i.SPI_I2S_Data_Transmit), (4 bytes).
    Removing n32g430_spi.o(i.SPI_I2S_Flag_Status_Get), (14 bytes).
    Removing n32g430_spi.o(i.SPI_I2S_Interrupt_Flag_Status_Get), (80 bytes).
    Removing n32g430_spi.o(i.SPI_I2S_Interrupts_Disable), (8 bytes).
    Removing n32g430_spi.o(i.SPI_I2S_Interrupts_Enable), (8 bytes).
    Removing n32g430_spi.o(i.SPI_I2S_Mode_Select), (16 bytes).
    Removing n32g430_spi.o(i.SPI_I2S_Reset), (36 bytes).
    Removing n32g430_spi.o(i.SPI_Initializes), (74 bytes).
    Removing n32g430_spi.o(i.SPI_Initializes_Structure), (24 bytes).
    Removing n32g430_spi.o(i.SPI_NSS_Config), (16 bytes).
    Removing n32g430_spi.o(i.SPI_Next_Transmit_CRC), (10 bytes).
    Removing n32g430_spi.o(i.SPI_OFF), (10 bytes).
    Removing n32g430_spi.o(i.SPI_ON), (10 bytes).
    Removing n32g430_spi.o(i.SPI_SS_Output_Disable), (10 bytes).
    Removing n32g430_spi.o(i.SPI_SS_Output_Enable), (10 bytes).
    Removing n32g430_spi.o(i.SPI_Set_Nss_Level), (22 bytes).
    Removing n32g430_spi.o(i.SPI_SpiMode_Config), (16 bytes).
    Removing n32g430_tim.o(.rev16_text), (4 bytes).
    Removing n32g430_tim.o(.revsh_text), (4 bytes).
    Removing n32g430_tim.o(.rrx_text), (6 bytes).
    Removing n32g430_tim.o(i.Input_Channel1_Config), (108 bytes).
    Removing n32g430_tim.o(i.Input_Channel2_Config), (120 bytes).
    Removing n32g430_tim.o(i.Input_Channel3_Config), (120 bytes).
    Removing n32g430_tim.o(i.Input_Channel4_Config), (124 bytes).
    Removing n32g430_tim.o(i.TIM_Asymmetric_Disable), (10 bytes).
    Removing n32g430_tim.o(i.TIM_Asymmetric_Enable), (10 bytes).
    Removing n32g430_tim.o(i.TIM_Auto_Reload_Get), (4 bytes).
    Removing n32g430_tim.o(i.TIM_Auto_Reload_Preload_Disable), (10 bytes).
    Removing n32g430_tim.o(i.TIM_Auto_Reload_Preload_Enable), (10 bytes).
    Removing n32g430_tim.o(i.TIM_Base_Auto_Reload_Set), (4 bytes).
    Removing n32g430_tim.o(i.TIM_Base_Center_Aligned_Mode_OC4_7_8_9_Trigger_Set), (12 bytes).
    Removing n32g430_tim.o(i.TIM_Base_Channel1), (20 bytes).
    Removing n32g430_tim.o(i.TIM_Base_Channel2), (20 bytes).
    Removing n32g430_tim.o(i.TIM_Base_Channel3), (20 bytes).
    Removing n32g430_tim.o(i.TIM_Base_Channel4), (20 bytes).
    Removing n32g430_tim.o(i.TIM_Base_Count_Get), (4 bytes).
    Removing n32g430_tim.o(i.TIM_Base_Count_Mode_Set), (12 bytes).
    Removing n32g430_tim.o(i.TIM_Base_Count_Set), (4 bytes).
    Removing n32g430_tim.o(i.TIM_Base_Initialize), (160 bytes).
    Removing n32g430_tim.o(i.TIM_Base_OCrefClear), (20 bytes).
    Removing n32g430_tim.o(i.TIM_Base_Prescaler_Get), (4 bytes).
    Removing n32g430_tim.o(i.TIM_Base_Prescaler_Set), (4 bytes).
    Removing n32g430_tim.o(i.TIM_Base_Reload_Mode_Set), (4 bytes).
    Removing n32g430_tim.o(i.TIM_Base_Repeat_Count_Set), (4 bytes).
    Removing n32g430_tim.o(i.TIM_Base_Struct_Initialize), (30 bytes).
    Removing n32g430_tim.o(i.TIM_Break_And_Dead_Time_Set), (94 bytes).
    Removing n32g430_tim.o(i.TIM_Break_And_Dead_Time_Struct_Initialize), (24 bytes).
    Removing n32g430_tim.o(i.TIM_Break_Filter_Config), (40 bytes).
    Removing n32g430_tim.o(i.TIM_Break_Filter_Disable), (10 bytes).
    Removing n32g430_tim.o(i.TIM_Break_Filter_Enable), (10 bytes).
    Removing n32g430_tim.o(i.TIM_CCEN_Status_Get), (10 bytes).
    Removing n32g430_tim.o(i.TIM_Capture_Compare_Ch_Disable), (12 bytes).
    Removing n32g430_tim.o(i.TIM_Capture_Compare_Ch_Enable), (12 bytes).
    Removing n32g430_tim.o(i.TIM_Capture_Compare_Ch_N_Disable), (12 bytes).
    Removing n32g430_tim.o(i.TIM_Capture_Compare_Ch_N_Enable), (12 bytes).
    Removing n32g430_tim.o(i.TIM_Capture_Compare_Control_Preload_Disable), (10 bytes).
    Removing n32g430_tim.o(i.TIM_Capture_Compare_Control_Preload_Enable), (10 bytes).
    Removing n32g430_tim.o(i.TIM_Channel1_Filter_Config), (56 bytes).
    Removing n32g430_tim.o(i.TIM_Channel1_Filter_Disable), (10 bytes).
    Removing n32g430_tim.o(i.TIM_Channel1_Filter_Enable), (10 bytes).
    Removing n32g430_tim.o(i.TIM_Channel2_Filter_Config), (56 bytes).
    Removing n32g430_tim.o(i.TIM_Channel2_Filter_Disable), (10 bytes).
    Removing n32g430_tim.o(i.TIM_Channel2_Filter_Enable), (10 bytes).
    Removing n32g430_tim.o(i.TIM_Channel3_Filter_Config), (56 bytes).
    Removing n32g430_tim.o(i.TIM_Channel3_Filter_Disable), (10 bytes).
    Removing n32g430_tim.o(i.TIM_Channel3_Filter_Enable), (10 bytes).
    Removing n32g430_tim.o(i.TIM_Channel4_Filter_Config), (56 bytes).
    Removing n32g430_tim.o(i.TIM_Channel4_Filter_Disable), (10 bytes).
    Removing n32g430_tim.o(i.TIM_Channel4_Filter_Enable), (10 bytes).
    Removing n32g430_tim.o(i.TIM_Clock_Division_Set), (16 bytes).
    Removing n32g430_tim.o(i.TIM_Commutation_Event_Disable), (10 bytes).
    Removing n32g430_tim.o(i.TIM_Commutation_Event_Enable), (10 bytes).
    Removing n32g430_tim.o(i.TIM_Compare1_D_Set), (12 bytes).
    Removing n32g430_tim.o(i.TIM_Compare1_Set), (12 bytes).
    Removing n32g430_tim.o(i.TIM_Compare2_D_Set), (12 bytes).
    Removing n32g430_tim.o(i.TIM_Compare2_Set), (12 bytes).
    Removing n32g430_tim.o(i.TIM_Compare3_D_Set), (12 bytes).
    Removing n32g430_tim.o(i.TIM_Compare3_Set), (12 bytes).
    Removing n32g430_tim.o(i.TIM_Compare4_D_Set), (12 bytes).
    Removing n32g430_tim.o(i.TIM_Compare4_Set), (12 bytes).
    Removing n32g430_tim.o(i.TIM_Compare5_Set), (6 bytes).
    Removing n32g430_tim.o(i.TIM_Compare6_Set), (6 bytes).
    Removing n32g430_tim.o(i.TIM_Compare7_Set), (6 bytes).
    Removing n32g430_tim.o(i.TIM_Compare8_Set), (6 bytes).
    Removing n32g430_tim.o(i.TIM_Compare9_Set), (6 bytes).
    Removing n32g430_tim.o(i.TIM_Compare_Capture1_D_Get), (6 bytes).
    Removing n32g430_tim.o(i.TIM_Compare_Capture1_Get), (6 bytes).
    Removing n32g430_tim.o(i.TIM_Compare_Capture2_D_Get), (6 bytes).
    Removing n32g430_tim.o(i.TIM_Compare_Capture2_Get), (6 bytes).
    Removing n32g430_tim.o(i.TIM_Compare_Capture3_D_Get), (6 bytes).
    Removing n32g430_tim.o(i.TIM_Compare_Capture3_Get), (6 bytes).
    Removing n32g430_tim.o(i.TIM_Compare_Capture4_D_Get), (6 bytes).
    Removing n32g430_tim.o(i.TIM_Compare_Capture4_Get), (6 bytes).
    Removing n32g430_tim.o(i.TIM_Compare_Capture5_Get), (6 bytes).
    Removing n32g430_tim.o(i.TIM_Compare_Capture6_Get), (6 bytes).
    Removing n32g430_tim.o(i.TIM_Compare_Capture7_Get), (6 bytes).
    Removing n32g430_tim.o(i.TIM_Compare_Capture8_Get), (6 bytes).
    Removing n32g430_tim.o(i.TIM_Compare_Capture9_Get), (6 bytes).
    Removing n32g430_tim.o(i.TIM_Dma_Config), (8 bytes).
    Removing n32g430_tim.o(i.TIM_Dma_Disable), (8 bytes).
    Removing n32g430_tim.o(i.TIM_Dma_Enable), (8 bytes).
    Removing n32g430_tim.o(i.TIM_Encoder_Interface_Set), (50 bytes).
    Removing n32g430_tim.o(i.TIM_Event_Generate), (4 bytes).
    Removing n32g430_tim.o(i.TIM_External_Clock_Mode1_Set), (40 bytes).
    Removing n32g430_tim.o(i.TIM_External_Clock_Mode2_Set), (40 bytes).
    Removing n32g430_tim.o(i.TIM_External_Trigger_Filter_Set), (20 bytes).
    Removing n32g430_tim.o(i.TIM_External_Trigger_Polarity_Set), (22 bytes).
    Removing n32g430_tim.o(i.TIM_External_Trigger_Prescaler_Set), (12 bytes).
    Removing n32g430_tim.o(i.TIM_Flag_Clear), (6 bytes).
    Removing n32g430_tim.o(i.TIM_Flag_Status_Get), (10 bytes).
    Removing n32g430_tim.o(i.TIM_Forced_Output_Channel1_Set), (12 bytes).
    Removing n32g430_tim.o(i.TIM_Forced_Output_Channel2_Set), (20 bytes).
    Removing n32g430_tim.o(i.TIM_Forced_Output_Channel3_Set), (14 bytes).
    Removing n32g430_tim.o(i.TIM_Forced_Output_Channel4_Set), (22 bytes).
    Removing n32g430_tim.o(i.TIM_Forced_Output_Channel5_Set), (14 bytes).
    Removing n32g430_tim.o(i.TIM_Forced_Output_Channel6_Set), (22 bytes).
    Removing n32g430_tim.o(i.TIM_Hall_Sensor_Disable), (10 bytes).
    Removing n32g430_tim.o(i.TIM_Hall_Sensor_Enable), (10 bytes).
    Removing n32g430_tim.o(i.TIM_IOM_Comp_Break), (20 bytes).
    Removing n32g430_tim.o(i.TIM_Input_Capture1_Prescaler_Set), (16 bytes).
    Removing n32g430_tim.o(i.TIM_Input_Capture2_Prescaler_Set), (24 bytes).
    Removing n32g430_tim.o(i.TIM_Input_Capture3_Prescaler_Set), (18 bytes).
    Removing n32g430_tim.o(i.TIM_Input_Capture4_Prescaler_Set), (20 bytes).
    Removing n32g430_tim.o(i.TIM_Input_Channel_Initialize), (94 bytes).
    Removing n32g430_tim.o(i.TIM_Input_Struct_Initialize), (14 bytes).
    Removing n32g430_tim.o(i.TIM_Internal_Clock_Set), (10 bytes).
    Removing n32g430_tim.o(i.TIM_Internal_Trig_To_Ext_Set), (18 bytes).
    Removing n32g430_tim.o(i.TIM_Interrupt_Disable), (8 bytes).
    Removing n32g430_tim.o(i.TIM_Interrupt_Enable), (8 bytes).
    Removing n32g430_tim.o(i.TIM_Interrupt_Status_Clear), (6 bytes).
    Removing n32g430_tim.o(i.TIM_Interrupt_Status_Get), (22 bytes).
    Removing n32g430_tim.o(i.TIM_Lock_Up_Break_Disable), (10 bytes).
    Removing n32g430_tim.o(i.TIM_Lock_Up_Break_Enable), (10 bytes).
    Removing n32g430_tim.o(i.TIM_Master_Slave_Mode_Set), (16 bytes).
    Removing n32g430_tim.o(i.TIM_OC4REF_Trigger_To_ADC_Disable), (10 bytes).
    Removing n32g430_tim.o(i.TIM_OC4REF_Trigger_To_ADC_Enable), (10 bytes).
    Removing n32g430_tim.o(i.TIM_OC7REF_Trigger_To_ADC_Disable), (10 bytes).
    Removing n32g430_tim.o(i.TIM_OC7REF_Trigger_To_ADC_Enable), (10 bytes).
    Removing n32g430_tim.o(i.TIM_OC8REF_Trigger_To_ADC_Disable), (10 bytes).
    Removing n32g430_tim.o(i.TIM_OC8REF_Trigger_To_ADC_Enable), (10 bytes).
    Removing n32g430_tim.o(i.TIM_OC9REF_Trigger_To_ADC_Disable), (10 bytes).
    Removing n32g430_tim.o(i.TIM_OC9REF_Trigger_To_ADC_Enable), (10 bytes).
    Removing n32g430_tim.o(i.TIM_Off), (10 bytes).
    Removing n32g430_tim.o(i.TIM_On), (10 bytes).
    Removing n32g430_tim.o(i.TIM_One_Pulse_Mode_Select), (16 bytes).
    Removing n32g430_tim.o(i.TIM_Output_Channel1_Fast_Set), (12 bytes).
    Removing n32g430_tim.o(i.TIM_Output_Channel1_Initialize), (132 bytes).
    Removing n32g430_tim.o(i.TIM_Output_Channel1_Preload_Set), (12 bytes).
    Removing n32g430_tim.o(i.TIM_Output_Channel1_Reference_Clear), (12 bytes).
    Removing n32g430_tim.o(i.TIM_Output_Channel2_Fast_Set), (20 bytes).
    Removing n32g430_tim.o(i.TIM_Output_Channel2_Initialize), (144 bytes).
    Removing n32g430_tim.o(i.TIM_Output_Channel2_Preload_Set), (20 bytes).
    Removing n32g430_tim.o(i.TIM_Output_Channel2_Reference_Clear), (20 bytes).
    Removing n32g430_tim.o(i.TIM_Output_Channel3_Fast_Set), (14 bytes).
    Removing n32g430_tim.o(i.TIM_Output_Channel3_Initialize), (136 bytes).
    Removing n32g430_tim.o(i.TIM_Output_Channel3_Preload_Set), (14 bytes).
    Removing n32g430_tim.o(i.TIM_Output_Channel3_Reference_Clear), (14 bytes).
    Removing n32g430_tim.o(i.TIM_Output_Channel4_Fast_Set), (22 bytes).
    Removing n32g430_tim.o(i.TIM_Output_Channel4_Initialize), (156 bytes).
    Removing n32g430_tim.o(i.TIM_Output_Channel4_Preload_Set), (22 bytes).
    Removing n32g430_tim.o(i.TIM_Output_Channel4_Reference_Clear), (20 bytes).
    Removing n32g430_tim.o(i.TIM_Output_Channel5_Fast_Set), (14 bytes).
    Removing n32g430_tim.o(i.TIM_Output_Channel5_Initialize), (104 bytes).
    Removing n32g430_tim.o(i.TIM_Output_Channel5_Preload_Set), (14 bytes).
    Removing n32g430_tim.o(i.TIM_Output_Channel5_Reference_Clear), (14 bytes).
    Removing n32g430_tim.o(i.TIM_Output_Channel6_Fast_Set), (22 bytes).
    Removing n32g430_tim.o(i.TIM_Output_Channel6_Initialize), (112 bytes).
    Removing n32g430_tim.o(i.TIM_Output_Channel6_Preload_Set), (22 bytes).
    Removing n32g430_tim.o(i.TIM_Output_Channel6_Reference_Clear), (22 bytes).
    Removing n32g430_tim.o(i.TIM_Output_Channel7_Preload_Set), (26 bytes).
    Removing n32g430_tim.o(i.TIM_Output_Channel8_Preload_Set), (26 bytes).
    Removing n32g430_tim.o(i.TIM_Output_Channel9_Preload_Set), (26 bytes).
    Removing n32g430_tim.o(i.TIM_Output_Channel_Mode_Set), (74 bytes).
    Removing n32g430_tim.o(i.TIM_Output_Channel_N_Polarity_Set), (18 bytes).
    Removing n32g430_tim.o(i.TIM_Output_Channel_Polarity_Set), (18 bytes).
    Removing n32g430_tim.o(i.TIM_Output_Channel_Struct_Initialize), (20 bytes).
    Removing n32g430_tim.o(i.TIM_Output_Trigger_Select), (20 bytes).
    Removing n32g430_tim.o(i.TIM_PWM_Input_Channel_Config), (106 bytes).
    Removing n32g430_tim.o(i.TIM_PWM_Output_Disable), (12 bytes).
    Removing n32g430_tim.o(i.TIM_PWM_Output_Enable), (12 bytes).
    Removing n32g430_tim.o(i.TIM_Pvd_Break_Disable), (10 bytes).
    Removing n32g430_tim.o(i.TIM_Pvd_Break_Enable), (10 bytes).
    Removing n32g430_tim.o(i.TIM_Reset), (100 bytes).
    Removing n32g430_tim.o(i.TIM_Slave_Mode_Select), (16 bytes).
    Removing n32g430_tim.o(i.TIM_Trigger_As_External_Clock), (46 bytes).
    Removing n32g430_tim.o(i.TIM_Trigger_Source_Select), (12 bytes).
    Removing n32g430_tim.o(i.TIM_Update_Event_Disable), (10 bytes).
    Removing n32g430_tim.o(i.TIM_Update_Event_Enable), (10 bytes).
    Removing n32g430_tim.o(i.TIM_Update_Request_Source_Set), (20 bytes).
    Removing n32g430_usart.o(.rev16_text), (4 bytes).
    Removing n32g430_usart.o(.revsh_text), (4 bytes).
    Removing n32g430_usart.o(.rrx_text), (6 bytes).
    Removing n32g430_usart.o(i.USART_Address_Set), (16 bytes).
    Removing n32g430_usart.o(i.USART_Baud_Rate_Config), (108 bytes).
    Removing n32g430_usart.o(i.USART_Break_Frame_Send), (10 bytes).
    Removing n32g430_usart.o(i.USART_Clock_Config), (12 bytes).
    Removing n32g430_usart.o(i.USART_Clock_Initializes), (40 bytes).
    Removing n32g430_usart.o(i.USART_Clock_Structure_Initializes), (12 bytes).
    Removing n32g430_usart.o(i.USART_DMA_Transfer_Disable), (8 bytes).
    Removing n32g430_usart.o(i.USART_DMA_Transfer_Enable), (8 bytes).
    Removing n32g430_usart.o(i.USART_Data_Receive), (8 bytes).
    Removing n32g430_usart.o(i.USART_Data_Send), (8 bytes).
    Removing n32g430_usart.o(i.USART_Disable), (10 bytes).
    Removing n32g430_usart.o(i.USART_Enable), (10 bytes).
    Removing n32g430_usart.o(i.USART_Flag_Clear), (6 bytes).
    Removing n32g430_usart.o(i.USART_Flag_Status_Get), (10 bytes).
    Removing n32g430_usart.o(i.USART_Guard_Time_Set), (16 bytes).
    Removing n32g430_usart.o(i.USART_Half_Duplex_Disable), (10 bytes).
    Removing n32g430_usart.o(i.USART_Half_Duplex_Enable), (10 bytes).
    Removing n32g430_usart.o(i.USART_Hardware_Flow_Control_Config), (12 bytes).
    Removing n32g430_usart.o(i.USART_Initializes), (56 bytes).
    Removing n32g430_usart.o(i.USART_Interrput_Disable), (38 bytes).
    Removing n32g430_usart.o(i.USART_Interrput_Enable), (38 bytes).
    Removing n32g430_usart.o(i.USART_Interrupt_Status_Clear), (12 bytes).
    Removing n32g430_usart.o(i.USART_Interrupt_Status_Get), (62 bytes).
    Removing n32g430_usart.o(i.USART_IrDA_Disable), (10 bytes).
    Removing n32g430_usart.o(i.USART_IrDA_Enable), (10 bytes).
    Removing n32g430_usart.o(i.USART_IrDA_Mode_Set), (16 bytes).
    Removing n32g430_usart.o(i.USART_LIN_Break_Detect_Length_Set), (16 bytes).
    Removing n32g430_usart.o(i.USART_LIN_Disable), (10 bytes).
    Removing n32g430_usart.o(i.USART_LIN_Enable), (10 bytes).
    Removing n32g430_usart.o(i.USART_Last_Bit_Config), (12 bytes).
    Removing n32g430_usart.o(i.USART_Mode_Config), (12 bytes).
    Removing n32g430_usart.o(i.USART_Parity_Config), (12 bytes).
    Removing n32g430_usart.o(i.USART_Phase_Config), (12 bytes).
    Removing n32g430_usart.o(i.USART_Polarity_Config), (12 bytes).
    Removing n32g430_usart.o(i.USART_Prescaler_Set), (16 bytes).
    Removing n32g430_usart.o(i.USART_Receiver_Wakeup_Disable), (10 bytes).
    Removing n32g430_usart.o(i.USART_Receiver_Wakeup_Enable), (10 bytes).
    Removing n32g430_usart.o(i.USART_Reset), (72 bytes).
    Removing n32g430_usart.o(i.USART_Smart_Card_Disable), (10 bytes).
    Removing n32g430_usart.o(i.USART_Smart_Card_Enable), (10 bytes).
    Removing n32g430_usart.o(i.USART_Smart_Card_NACK_Disable), (10 bytes).
    Removing n32g430_usart.o(i.USART_Smart_Card_NACK_Enable), (10 bytes).
    Removing n32g430_usart.o(i.USART_Stop_Bits_Config), (12 bytes).
    Removing n32g430_usart.o(i.USART_Structure_Initializes), (22 bytes).
    Removing n32g430_usart.o(i.USART_WakeUp_Mode_Set), (16 bytes).
    Removing n32g430_usart.o(i.USART_Word_Length_Config), (12 bytes).
    Removing n32g430_wwdg.o(.rev16_text), (4 bytes).
    Removing n32g430_wwdg.o(.revsh_text), (4 bytes).
    Removing n32g430_wwdg.o(.rrx_text), (6 bytes).
    Removing n32g430_wwdg.o(i.WWDG_Counter_Value_Set), (16 bytes).
    Removing n32g430_wwdg.o(i.WWDG_EWINTF_Flag_Clear), (12 bytes).
    Removing n32g430_wwdg.o(i.WWDG_EWINTF_Flag_Get), (12 bytes).
    Removing n32g430_wwdg.o(i.WWDG_Enable), (16 bytes).
    Removing n32g430_wwdg.o(i.WWDG_Interrupt_Enable), (16 bytes).
    Removing n32g430_wwdg.o(i.WWDG_Prescaler_Division_Set), (20 bytes).
    Removing n32g430_wwdg.o(i.WWDG_Reset), (8 bytes).
    Removing n32g430_wwdg.o(i.WWDG_Window_Value_Set), (28 bytes).

917 unused section(s) (total 24288 bytes) removed from the image.

==============================================================================

Image Symbol Table

    Local Symbols

    Symbol Name                              Value     Ov Type        Size  Object(Section)

    ../clib/microlib/init/entry.s            0x00000000   Number         0  entry9a.o ABSOLUTE
    ../clib/microlib/init/entry.s            0x00000000   Number         0  entry7b.o ABSOLUTE
    ../clib/microlib/init/entry.s            0x00000000   Number         0  entry8a.o ABSOLUTE
    ../clib/microlib/init/entry.s            0x00000000   Number         0  entry8b.o ABSOLUTE
    ../clib/microlib/init/entry.s            0x00000000   Number         0  entry12b.o ABSOLUTE
    ../clib/microlib/init/entry.s            0x00000000   Number         0  entry12a.o ABSOLUTE
    ../clib/microlib/init/entry.s            0x00000000   Number         0  entry11a.o ABSOLUTE
    ../clib/microlib/init/entry.s            0x00000000   Number         0  entry11b.o ABSOLUTE
    ../clib/microlib/init/entry.s            0x00000000   Number         0  entry10b.o ABSOLUTE
    ../clib/microlib/init/entry.s            0x00000000   Number         0  entry10a.o ABSOLUTE
    ../clib/microlib/init/entry.s            0x00000000   Number         0  entry9b.o ABSOLUTE
    ../clib/microlib/init/entry.s            0x00000000   Number         0  entry7a.o ABSOLUTE
    ../clib/microlib/init/entry.s            0x00000000   Number         0  entry5.o ABSOLUTE
    ../clib/microlib/init/entry.s            0x00000000   Number         0  entry2.o ABSOLUTE
    ../clib/microlib/init/entry.s            0x00000000   Number         0  entry.o ABSOLUTE
    ..\..\Libraries\CMSIS\device\startup\startup_n32g430.s 0x00000000   Number         0  startup_n32g430.o ABSOLUTE
    ..\..\Libraries\CMSIS\device\system_n32g430.c 0x00000000   Number         0  system_n32g430.o ABSOLUTE
    ..\..\Libraries\n32g430_std_periph_driver\src\misc.c 0x00000000   Number         0  misc.o ABSOLUTE
    ..\..\Libraries\n32g430_std_periph_driver\src\n32g430_adc.c 0x00000000   Number         0  n32g430_adc.o ABSOLUTE
    ..\..\Libraries\n32g430_std_periph_driver\src\n32g430_beeper.c 0x00000000   Number         0  n32g430_beeper.o ABSOLUTE
    ..\..\Libraries\n32g430_std_periph_driver\src\n32g430_can.c 0x00000000   Number         0  n32g430_can.o ABSOLUTE
    ..\..\Libraries\n32g430_std_periph_driver\src\n32g430_comp.c 0x00000000   Number         0  n32g430_comp.o ABSOLUTE
    ..\..\Libraries\n32g430_std_periph_driver\src\n32g430_crc.c 0x00000000   Number         0  n32g430_crc.o ABSOLUTE
    ..\..\Libraries\n32g430_std_periph_driver\src\n32g430_dbg.c 0x00000000   Number         0  n32g430_dbg.o ABSOLUTE
    ..\..\Libraries\n32g430_std_periph_driver\src\n32g430_dma.c 0x00000000   Number         0  n32g430_dma.o ABSOLUTE
    ..\..\Libraries\n32g430_std_periph_driver\src\n32g430_exti.c 0x00000000   Number         0  n32g430_exti.o ABSOLUTE
    ..\..\Libraries\n32g430_std_periph_driver\src\n32g430_flash.c 0x00000000   Number         0  n32g430_flash.o ABSOLUTE
    ..\..\Libraries\n32g430_std_periph_driver\src\n32g430_gpio.c 0x00000000   Number         0  n32g430_gpio.o ABSOLUTE
    ..\..\Libraries\n32g430_std_periph_driver\src\n32g430_i2c.c 0x00000000   Number         0  n32g430_i2c.o ABSOLUTE
    ..\..\Libraries\n32g430_std_periph_driver\src\n32g430_iwdg.c 0x00000000   Number         0  n32g430_iwdg.o ABSOLUTE
    ..\..\Libraries\n32g430_std_periph_driver\src\n32g430_lptim.c 0x00000000   Number         0  n32g430_lptim.o ABSOLUTE
    ..\..\Libraries\n32g430_std_periph_driver\src\n32g430_pwr.c 0x00000000   Number         0  n32g430_pwr.o ABSOLUTE
    ..\..\Libraries\n32g430_std_periph_driver\src\n32g430_rcc.c 0x00000000   Number         0  n32g430_rcc.o ABSOLUTE
    ..\..\Libraries\n32g430_std_periph_driver\src\n32g430_rtc.c 0x00000000   Number         0  n32g430_rtc.o ABSOLUTE
    ..\..\Libraries\n32g430_std_periph_driver\src\n32g430_spi.c 0x00000000   Number         0  n32g430_spi.o ABSOLUTE
    ..\..\Libraries\n32g430_std_periph_driver\src\n32g430_tim.c 0x00000000   Number         0  n32g430_tim.o ABSOLUTE
    ..\..\Libraries\n32g430_std_periph_driver\src\n32g430_usart.c 0x00000000   Number         0  n32g430_usart.o ABSOLUTE
    ..\..\Libraries\n32g430_std_periph_driver\src\n32g430_wwdg.c 0x00000000   Number         0  n32g430_wwdg.o ABSOLUTE
    ..\..\User\main.c                        0x00000000   Number         0  main.o ABSOLUTE
    ..\\..\\Libraries\\CMSIS\\device\\system_n32g430.c 0x00000000   Number         0  system_n32g430.o ABSOLUTE
    ..\\..\\Libraries\\n32g430_std_periph_driver\\src\\misc.c 0x00000000   Number         0  misc.o ABSOLUTE
    ..\\..\\Libraries\\n32g430_std_periph_driver\\src\\n32g430_adc.c 0x00000000   Number         0  n32g430_adc.o ABSOLUTE
    ..\\..\\Libraries\\n32g430_std_periph_driver\\src\\n32g430_beeper.c 0x00000000   Number         0  n32g430_beeper.o ABSOLUTE
    ..\\..\\Libraries\\n32g430_std_periph_driver\\src\\n32g430_can.c 0x00000000   Number         0  n32g430_can.o ABSOLUTE
    ..\\..\\Libraries\\n32g430_std_periph_driver\\src\\n32g430_comp.c 0x00000000   Number         0  n32g430_comp.o ABSOLUTE
    ..\\..\\Libraries\\n32g430_std_periph_driver\\src\\n32g430_crc.c 0x00000000   Number         0  n32g430_crc.o ABSOLUTE
    ..\\..\\Libraries\\n32g430_std_periph_driver\\src\\n32g430_dbg.c 0x00000000   Number         0  n32g430_dbg.o ABSOLUTE
    ..\\..\\Libraries\\n32g430_std_periph_driver\\src\\n32g430_dma.c 0x00000000   Number         0  n32g430_dma.o ABSOLUTE
    ..\\..\\Libraries\\n32g430_std_periph_driver\\src\\n32g430_exti.c 0x00000000   Number         0  n32g430_exti.o ABSOLUTE
    ..\\..\\Libraries\\n32g430_std_periph_driver\\src\\n32g430_flash.c 0x00000000   Number         0  n32g430_flash.o ABSOLUTE
    ..\\..\\Libraries\\n32g430_std_periph_driver\\src\\n32g430_gpio.c 0x00000000   Number         0  n32g430_gpio.o ABSOLUTE
    ..\\..\\Libraries\\n32g430_std_periph_driver\\src\\n32g430_i2c.c 0x00000000   Number         0  n32g430_i2c.o ABSOLUTE
    ..\\..\\Libraries\\n32g430_std_periph_driver\\src\\n32g430_iwdg.c 0x00000000   Number         0  n32g430_iwdg.o ABSOLUTE
    ..\\..\\Libraries\\n32g430_std_periph_driver\\src\\n32g430_lptim.c 0x00000000   Number         0  n32g430_lptim.o ABSOLUTE
    ..\\..\\Libraries\\n32g430_std_periph_driver\\src\\n32g430_pwr.c 0x00000000   Number         0  n32g430_pwr.o ABSOLUTE
    ..\\..\\Libraries\\n32g430_std_periph_driver\\src\\n32g430_rcc.c 0x00000000   Number         0  n32g430_rcc.o ABSOLUTE
    ..\\..\\Libraries\\n32g430_std_periph_driver\\src\\n32g430_rtc.c 0x00000000   Number         0  n32g430_rtc.o ABSOLUTE
    ..\\..\\Libraries\\n32g430_std_periph_driver\\src\\n32g430_spi.c 0x00000000   Number         0  n32g430_spi.o ABSOLUTE
    ..\\..\\Libraries\\n32g430_std_periph_driver\\src\\n32g430_tim.c 0x00000000   Number         0  n32g430_tim.o ABSOLUTE
    ..\\..\\Libraries\\n32g430_std_periph_driver\\src\\n32g430_usart.c 0x00000000   Number         0  n32g430_usart.o ABSOLUTE
    ..\\..\\Libraries\\n32g430_std_periph_driver\\src\\n32g430_wwdg.c 0x00000000   Number         0  n32g430_wwdg.o ABSOLUTE
    ..\\..\\User\\main.c                     0x00000000   Number         0  main.o ABSOLUTE
    dc.s                                     0x00000000   Number         0  dc.o ABSOLUTE
    handlers.s                               0x00000000   Number         0  handlers.o ABSOLUTE
    init.s                                   0x00000000   Number         0  init.o ABSOLUTE
    RESET                                    0x08000000   Section      276  startup_n32g430.o(RESET)
    .ARM.Collect$$$$00000000                 0x08000114   Section        0  entry.o(.ARM.Collect$$$$00000000)
    .ARM.Collect$$$$00000001                 0x08000114   Section        4  entry2.o(.ARM.Collect$$$$00000001)
    .ARM.Collect$$$$00000004                 0x08000118   Section        4  entry5.o(.ARM.Collect$$$$00000004)
    .ARM.Collect$$$$00000008                 0x0800011c   Section        0  entry7b.o(.ARM.Collect$$$$00000008)
    .ARM.Collect$$$$0000000A                 0x0800011c   Section        0  entry8b.o(.ARM.Collect$$$$0000000A)
    .ARM.Collect$$$$0000000B                 0x0800011c   Section        8  entry9a.o(.ARM.Collect$$$$0000000B)
    .ARM.Collect$$$$0000000E                 0x08000124   Section        4  entry12b.o(.ARM.Collect$$$$0000000E)
    .ARM.Collect$$$$0000000F                 0x08000128   Section        0  entry10a.o(.ARM.Collect$$$$0000000F)
    .ARM.Collect$$$$00000011                 0x08000128   Section        0  entry11a.o(.ARM.Collect$$$$00000011)
    .ARM.Collect$$$$00002712                 0x08000128   Section        4  entry2.o(.ARM.Collect$$$$00002712)
    __lit__00000000                          0x08000128   Data           4  entry2.o(.ARM.Collect$$$$00002712)
    .text                                    0x0800012c   Section       36  startup_n32g430.o(.text)
    $v0                                      0x0800012c   Number         0  startup_n32g430.o(.text)
    .text                                    0x08000150   Section       36  init.o(.text)
    i.System_Clock_Set                       0x08000174   Section        0  system_n32g430.o(i.System_Clock_Set)
    System_Clock_Set                         0x08000175   Thumb Code   202  system_n32g430.o(i.System_Clock_Set)
    i.System_Initializes                     0x08000258   Section        0  system_n32g430.o(i.System_Initializes)
    i.__scatterload_copy                     0x080002ec   Section       14  handlers.o(i.__scatterload_copy)
    i.__scatterload_null                     0x080002fa   Section        2  handlers.o(i.__scatterload_null)
    i.__scatterload_zeroinit                 0x080002fc   Section       14  handlers.o(i.__scatterload_zeroinit)
    i.main                                   0x0800030a   Section        0  main.o(i.main)
    .data                                    0x20000000   Section        4  system_n32g430.o(.data)
    STACK                                    0x20000008   Section     1024  startup_n32g430.o(STACK)

    Global Symbols

    Symbol Name                              Value     Ov Type        Size  Object(Section)

    BuildAttributes$$THM_ISAv4$E$P$D$K$B$S$7EM$VFPi3$EXTD16$VFPS$VFMA$PE$A:L22UL41UL21$X:L11$S22US41US21$IEEE1$IW$USESV6$~STKCKD$USESV7$~SHL$OSPACE$EBA8$MICROLIB$REQ8$PRES8$EABIv2 0x00000000   Number         0  anon$$obj.o ABSOLUTE
    __ARM_use_no_argv                        0x00000000   Number         0  main.o ABSOLUTE
    __arm_fini_                               - Undefined Weak Reference
    __cpp_initialize__aeabi_                  - Undefined Weak Reference
    __cxa_finalize                            - Undefined Weak Reference
    __decompress                              - Undefined Weak Reference
    _clock_init                               - Undefined Weak Reference
    _microlib_exit                            - Undefined Weak Reference
    __Vectors_Size                           0x00000114   Number         0  startup_n32g430.o ABSOLUTE
    __Vectors                                0x08000000   Data           4  startup_n32g430.o(RESET)
    __Vectors_End                            0x08000114   Data           0  startup_n32g430.o(RESET)
    __main                                   0x08000115   Thumb Code     0  entry.o(.ARM.Collect$$$$00000000)
    _main_stk                                0x08000115   Thumb Code     0  entry2.o(.ARM.Collect$$$$00000001)
    _main_scatterload                        0x08000119   Thumb Code     0  entry5.o(.ARM.Collect$$$$00000004)
    __main_after_scatterload                 0x0800011d   Thumb Code     0  entry5.o(.ARM.Collect$$$$00000004)
    _main_clock                              0x0800011d   Thumb Code     0  entry7b.o(.ARM.Collect$$$$00000008)
    _main_cpp_init                           0x0800011d   Thumb Code     0  entry8b.o(.ARM.Collect$$$$0000000A)
    _main_init                               0x0800011d   Thumb Code     0  entry9a.o(.ARM.Collect$$$$0000000B)
    __rt_lib_shutdown_fini                   0x08000125   Thumb Code     0  entry12b.o(.ARM.Collect$$$$0000000E)
    __rt_final_cpp                           0x08000129   Thumb Code     0  entry10a.o(.ARM.Collect$$$$0000000F)
    __rt_final_exit                          0x08000129   Thumb Code     0  entry11a.o(.ARM.Collect$$$$00000011)
    Reset_Handler                            0x0800012d   Thumb Code     8  startup_n32g430.o(.text)
    NMI_Handler                              0x08000135   Thumb Code     2  startup_n32g430.o(.text)
    HardFault_Handler                        0x08000137   Thumb Code     2  startup_n32g430.o(.text)
    MemManage_Handler                        0x08000139   Thumb Code     2  startup_n32g430.o(.text)
    BusFault_Handler                         0x0800013b   Thumb Code     2  startup_n32g430.o(.text)
    UsageFault_Handler                       0x0800013d   Thumb Code     2  startup_n32g430.o(.text)
    SVC_Handler                              0x0800013f   Thumb Code     2  startup_n32g430.o(.text)
    DebugMon_Handler                         0x08000141   Thumb Code     2  startup_n32g430.o(.text)
    PendSV_Handler                           0x08000143   Thumb Code     2  startup_n32g430.o(.text)
    SysTick_Handler                          0x08000145   Thumb Code     2  startup_n32g430.o(.text)
    ADC_IRQHandler                           0x08000147   Thumb Code     0  startup_n32g430.o(.text)
    CAN_RX0_IRQHandler                       0x08000147   Thumb Code     0  startup_n32g430.o(.text)
    CAN_RX1_IRQHandler                       0x08000147   Thumb Code     0  startup_n32g430.o(.text)
    CAN_SCE_IRQHandler                       0x08000147   Thumb Code     0  startup_n32g430.o(.text)
    CAN_TX_IRQHandler                        0x08000147   Thumb Code     0  startup_n32g430.o(.text)
    COMP_1_2_3_IRQHandler                    0x08000147   Thumb Code     0  startup_n32g430.o(.text)
    DMA_Channel1_IRQHandler                  0x08000147   Thumb Code     0  startup_n32g430.o(.text)
    DMA_Channel2_IRQHandler                  0x08000147   Thumb Code     0  startup_n32g430.o(.text)
    DMA_Channel3_IRQHandler                  0x08000147   Thumb Code     0  startup_n32g430.o(.text)
    DMA_Channel4_IRQHandler                  0x08000147   Thumb Code     0  startup_n32g430.o(.text)
    DMA_Channel5_IRQHandler                  0x08000147   Thumb Code     0  startup_n32g430.o(.text)
    DMA_Channel6_IRQHandler                  0x08000147   Thumb Code     0  startup_n32g430.o(.text)
    DMA_Channel7_IRQHandler                  0x08000147   Thumb Code     0  startup_n32g430.o(.text)
    DMA_Channel8_IRQHandler                  0x08000147   Thumb Code     0  startup_n32g430.o(.text)
    EXTI0_IRQHandler                         0x08000147   Thumb Code     0  startup_n32g430.o(.text)
    EXTI15_10_IRQHandler                     0x08000147   Thumb Code     0  startup_n32g430.o(.text)
    EXTI1_IRQHandler                         0x08000147   Thumb Code     0  startup_n32g430.o(.text)
    EXTI2_IRQHandler                         0x08000147   Thumb Code     0  startup_n32g430.o(.text)
    EXTI3_IRQHandler                         0x08000147   Thumb Code     0  startup_n32g430.o(.text)
    EXTI4_IRQHandler                         0x08000147   Thumb Code     0  startup_n32g430.o(.text)
    EXTI9_5_IRQHandler                       0x08000147   Thumb Code     0  startup_n32g430.o(.text)
    FLASH_IRQHandler                         0x08000147   Thumb Code     0  startup_n32g430.o(.text)
    I2C1_ER_IRQHandler                       0x08000147   Thumb Code     0  startup_n32g430.o(.text)
    I2C1_EV_IRQHandler                       0x08000147   Thumb Code     0  startup_n32g430.o(.text)
    I2C2_ER_IRQHandler                       0x08000147   Thumb Code     0  startup_n32g430.o(.text)
    I2C2_EV_IRQHandler                       0x08000147   Thumb Code     0  startup_n32g430.o(.text)
    LPTIM_WKUP_IRQHandler                    0x08000147   Thumb Code     0  startup_n32g430.o(.text)
    MMU_IRQHandler                           0x08000147   Thumb Code     0  startup_n32g430.o(.text)
    PVD_IRQHandler                           0x08000147   Thumb Code     0  startup_n32g430.o(.text)
    RCC_IRQHandler                           0x08000147   Thumb Code     0  startup_n32g430.o(.text)
    RTCAlarm_IRQHandler                      0x08000147   Thumb Code     0  startup_n32g430.o(.text)
    RTC_TAMPER_STAMP_IRQHandler              0x08000147   Thumb Code     0  startup_n32g430.o(.text)
    RTC_WKUP_IRQHandler                      0x08000147   Thumb Code     0  startup_n32g430.o(.text)
    SPI1_IRQHandler                          0x08000147   Thumb Code     0  startup_n32g430.o(.text)
    SPI2_IRQHandler                          0x08000147   Thumb Code     0  startup_n32g430.o(.text)
    TIM1_BRK_IRQHandler                      0x08000147   Thumb Code     0  startup_n32g430.o(.text)
    TIM1_CC_IRQHandler                       0x08000147   Thumb Code     0  startup_n32g430.o(.text)
    TIM1_TRG_COM_IRQHandler                  0x08000147   Thumb Code     0  startup_n32g430.o(.text)
    TIM1_UP_IRQHandler                       0x08000147   Thumb Code     0  startup_n32g430.o(.text)
    TIM2_IRQHandler                          0x08000147   Thumb Code     0  startup_n32g430.o(.text)
    TIM3_IRQHandler                          0x08000147   Thumb Code     0  startup_n32g430.o(.text)
    TIM4_IRQHandler                          0x08000147   Thumb Code     0  startup_n32g430.o(.text)
    TIM5_IRQHandler                          0x08000147   Thumb Code     0  startup_n32g430.o(.text)
    TIM6_IRQHandler                          0x08000147   Thumb Code     0  startup_n32g430.o(.text)
    TIM8_BRK_IRQHandler                      0x08000147   Thumb Code     0  startup_n32g430.o(.text)
    TIM8_CC_IRQHandler                       0x08000147   Thumb Code     0  startup_n32g430.o(.text)
    TIM8_TRG_COM_IRQHandler                  0x08000147   Thumb Code     0  startup_n32g430.o(.text)
    TIM8_UP_IRQHandler                       0x08000147   Thumb Code     0  startup_n32g430.o(.text)
    UART3_IRQHandler                         0x08000147   Thumb Code     0  startup_n32g430.o(.text)
    UART4_IRQHandler                         0x08000147   Thumb Code     0  startup_n32g430.o(.text)
    USART1_IRQHandler                        0x08000147   Thumb Code     0  startup_n32g430.o(.text)
    USART2_IRQHandler                        0x08000147   Thumb Code     0  startup_n32g430.o(.text)
    WWDG_IRQHandler                          0x08000147   Thumb Code     0  startup_n32g430.o(.text)
    __scatterload                            0x08000151   Thumb Code    28  init.o(.text)
    __scatterload_rt2                        0x08000151   Thumb Code     0  init.o(.text)
    System_Initializes                       0x08000259   Thumb Code   118  system_n32g430.o(i.System_Initializes)
    __scatterload_copy                       0x080002ed   Thumb Code    14  handlers.o(i.__scatterload_copy)
    __scatterload_null                       0x080002fb   Thumb Code     2  handlers.o(i.__scatterload_null)
    __scatterload_zeroinit                   0x080002fd   Thumb Code    14  handlers.o(i.__scatterload_zeroinit)
    main                                     0x0800030b   Thumb Code     2  main.o(i.main)
    Region$$Table$$Base                      0x0800030c   Number         0  anon$$obj.o(Region$$Table)
    Region$$Table$$Limit                     0x0800032c   Number         0  anon$$obj.o(Region$$Table)
    SystemClockFrequency                     0x20000000   Data           4  system_n32g430.o(.data)
    __initial_sp                             0x20000408   Data           0  startup_n32g430.o(STACK)



==============================================================================

Memory Map of the image

  Image Entry point : 0x08000115

  Load Region LR_IROM1 (Base: 0x08000000, Size: 0x00000330, Max: 0x00010000, ABSOLUTE)

    Execution Region ER_IROM1 (Exec base: 0x08000000, Load base: 0x08000000, Size: 0x0000032c, Max: 0x00010000, ABSOLUTE)

    Exec Addr    Load Addr    Size         Type   Attr      Idx    E Section Name        Object

    0x08000000   0x08000000   0x00000114   Data   RO          180    RESET               startup_n32g430.o
    0x08000114   0x08000114   0x00000000   Code   RO         5491  * .ARM.Collect$$$$00000000  mc_w.l(entry.o)
    0x08000114   0x08000114   0x00000004   Code   RO         5494    .ARM.Collect$$$$00000001  mc_w.l(entry2.o)
    0x08000118   0x08000118   0x00000004   Code   RO         5497    .ARM.Collect$$$$00000004  mc_w.l(entry5.o)
    0x0800011c   0x0800011c   0x00000000   Code   RO         5499    .ARM.Collect$$$$00000008  mc_w.l(entry7b.o)
    0x0800011c   0x0800011c   0x00000000   Code   RO         5501    .ARM.Collect$$$$0000000A  mc_w.l(entry8b.o)
    0x0800011c   0x0800011c   0x00000008   Code   RO         5502    .ARM.Collect$$$$0000000B  mc_w.l(entry9a.o)
    0x08000124   0x08000124   0x00000004   Code   RO         5509    .ARM.Collect$$$$0000000E  mc_w.l(entry12b.o)
    0x08000128   0x08000128   0x00000000   Code   RO         5504    .ARM.Collect$$$$0000000F  mc_w.l(entry10a.o)
    0x08000128   0x08000128   0x00000000   Code   RO         5506    .ARM.Collect$$$$00000011  mc_w.l(entry11a.o)
    0x08000128   0x08000128   0x00000004   Code   RO         5495    .ARM.Collect$$$$00002712  mc_w.l(entry2.o)
    0x0800012c   0x0800012c   0x00000024   Code   RO          181    .text               startup_n32g430.o
    0x08000150   0x08000150   0x00000024   Code   RO         5510    .text               mc_w.l(init.o)
    0x08000174   0x08000174   0x000000e4   Code   RO          135    i.System_Clock_Set  system_n32g430.o
    0x08000258   0x08000258   0x00000094   Code   RO          136    i.System_Initializes  system_n32g430.o
    0x080002ec   0x080002ec   0x0000000e   Code   RO         5514    i.__scatterload_copy  mc_w.l(handlers.o)
    0x080002fa   0x080002fa   0x00000002   Code   RO         5515    i.__scatterload_null  mc_w.l(handlers.o)
    0x080002fc   0x080002fc   0x0000000e   Code   RO         5516    i.__scatterload_zeroinit  mc_w.l(handlers.o)
    0x0800030a   0x0800030a   0x00000002   Code   RO            4    i.main              main.o
    0x0800030c   0x0800030c   0x00000020   Data   RO         5512    Region$$Table       anon$$obj.o


    Execution Region RW_IRAM1 (Exec base: 0x20000000, Load base: 0x0800032c, Size: 0x00000408, Max: 0x00004000, ABSOLUTE)

    Exec Addr    Load Addr    Size         Type   Attr      Idx    E Section Name        Object

    0x20000000   0x0800032c   0x00000004   Data   RW          138    .data               system_n32g430.o
    0x20000004   0x08000330   0x00000004   PAD
    0x20000008        -       0x00000400   Zero   RW          178    STACK               startup_n32g430.o


==============================================================================

Image component sizes


      Code (inc. data)   RO Data    RW Data    ZI Data      Debug   Object Name

         2          0          0          0          0       5035   main.o
        36          8        276          0       1024        908   startup_n32g430.o
       376         56          0          4          0       2514   system_n32g430.o

    ----------------------------------------------------------------------
       414         64        308          4       1028       8457   Object Totals
         0          0         32          0          0          0   (incl. Generated)
         0          0          0          0          4          0   (incl. Padding)

    ----------------------------------------------------------------------

      Code (inc. data)   RO Data    RW Data    ZI Data      Debug   Library Member Name

         0          0          0          0          0          0   entry.o
         0          0          0          0          0          0   entry10a.o
         0          0          0          0          0          0   entry11a.o
         4          0          0          0          0          0   entry12b.o
         8          4          0          0          0          0   entry2.o
         4          0          0          0          0          0   entry5.o
         0          0          0          0          0          0   entry7b.o
         0          0          0          0          0          0   entry8b.o
         8          4          0          0          0          0   entry9a.o
        30          0          0          0          0          0   handlers.o
        36          8          0          0          0         68   init.o

    ----------------------------------------------------------------------
        90         16          0          0          0         68   Library Totals
         0          0          0          0          0          0   (incl. Padding)

    ----------------------------------------------------------------------

      Code (inc. data)   RO Data    RW Data    ZI Data      Debug   Library Name

        90         16          0          0          0         68   mc_w.l

    ----------------------------------------------------------------------
        90         16          0          0          0         68   Library Totals

    ----------------------------------------------------------------------

==============================================================================


      Code (inc. data)   RO Data    RW Data    ZI Data      Debug   

       504         80        308          4       1028       8629   Grand Totals
       504         80        308          4       1028       8629   ELF Image Totals
       504         80        308          4          0          0   ROM Totals

==============================================================================

    Total RO  Size (Code + RO Data)                  812 (   0.79kB)
    Total RW  Size (RW Data + ZI Data)              1032 (   1.01kB)
    Total ROM Size (Code + RO Data + RW Data)        816 (   0.80kB)

==============================================================================

